/file/set-tui-version "22.2"
(cx-gui-do cx-activate-item "General*Table1*ButtonBox1(Mesh)*PushButton1(Scale)")
(cx-gui-do cx-set-list-selections "Scale Mesh*Table1*DropDownList3(View Length Unit In)" '( 2))
(cx-gui-do cx-activate-item "Scale Mesh*Table1*DropDownList3(View Length Unit In)")
(cx-gui-do cx-set-list-selections "Scale Mesh*Table1*Table2(Scaling)*DropDownList2(Mesh Was Created In)" '( 3))
(cx-gui-do cx-activate-item "Scale Mesh*Table1*Table2(Scaling)*DropDownList2(Mesh Was Created In)")
(cx-gui-do cx-activate-item "Scale Mesh*Table1*Table2(Scaling)*PushButton4(Scale)")
(cx-gui-do cx-activate-item "Scale Mesh*PanelButtons*PushButton1(Close)")
(cx-gui-do cx-set-toggle-button2 "General*Table1*Table2(Solver)*ToggleBox5(Time)*Transient" #t)
(cx-gui-do cx-activate-item "General*Table1*Table2(Solver)*ToggleBox5(Time)*Transient")
(cx-gui-do cx-set-toggle-button2 "General*Table1*Table3*CheckButton1(Gravity)" #t)
(cx-gui-do cx-activate-item "General*Table1*Table3*CheckButton1(Gravity)")
(cx-gui-do cx-set-expression-entry "General*Table1*Table3*Frame3*Frame1(Gravitational Acceleration)*ExpressionEntry2(Y)" '("-9.8" . 0))
(cx-gui-do cx-activate-item "General*Table1*Table3*Frame3*Frame1(Gravitational Acceleration)*ExpressionEntry2(Y)")
(cx-gui-do cx-set-list-tree-selections "NavigationPane*Frame2*Table1*List_Tree2" (list "Setup|Models|Multiphase (Off)"))
(cx-gui-do cx-set-list-tree-selections "NavigationPane*Frame2*Table1*List_Tree2" (list "Setup|Models|Energy (Off)"))
(cx-gui-do cx-set-list-tree-selections "NavigationPane*Frame2*Table1*List_Tree2" (list "Setup|Models|Energy (Off)"))
(cx-gui-do cx-set-list-tree-selections "NavigationPane*Frame2*Table1*List_Tree2" (list "Setup|Models|Energy (Off)"))
(cx-gui-do cx-activate-item "NavigationPane*Frame2*Table1*List_Tree2")
(cx-gui-do cx-set-list-tree-selections "NavigationPane*Frame2*Table1*List_Tree2" (list "Setup|Models|Energy (Off)"))
(cx-gui-do cx-set-toggle-button2 "Energy*Table1(Energy)*ToggleBox1*CheckButton1(Energy Equation)" #t)
(cx-gui-do cx-activate-item "Energy*Table1(Energy)*ToggleBox1*CheckButton1(Energy Equation)")
(cx-gui-do cx-activate-item "Energy*PanelButtons*PushButton1(OK)")
(cx-gui-do cx-set-list-tree-selections "NavigationPane*Frame2*Table1*List_Tree2" (list "Setup|Models|Viscous (SST k-omega)"))
(cx-gui-do cx-set-list-tree-selections "NavigationPane*Frame2*Table1*List_Tree2" (list "Setup|Models|Viscous (SST k-omega)"))
(cx-gui-do cx-activate-item "NavigationPane*Frame2*Table1*List_Tree2")
(cx-gui-do cx-set-list-tree-selections "NavigationPane*Frame2*Table1*List_Tree2" (list "Setup|Models|Viscous (SST k-omega)"))
(cx-gui-do cx-set-toggle-button2 "Viscous Model*Table1*ToggleBox1(Model)*k-epsilon (2 eqn)" #t)
(cx-gui-do cx-activate-item "Viscous Model*Table1*ToggleBox1(Model)*k-epsilon (2 eqn)")
(cx-gui-do cx-activate-item "Viscous Model*PanelButtons*PushButton1(OK)")
(cx-gui-do cx-set-list-tree-selections "NavigationPane*Frame2*Table1*List_Tree2" (list "Setup|Models|Viscous (Standard k-e, Standard Wall Fn)"))
(cx-use-window-id 51)
(cx-use-window-id 51)
(cx-use-window-id 51)
(cx-use-window-id 51)
(cx-use-window-id 51)
(cx-use-window-id 51)
(cx-use-window-id 51)
(cx-gui-do cx-set-list-tree-selections "NavigationPane*Frame2*Table1*List_Tree2" (list "Setup|Models|Multiphase (Off)"))
(cx-gui-do cx-set-list-tree-selections "NavigationPane*Frame2*Table1*List_Tree2" (list "Setup|Models|Multiphase (Off)"))
(cx-gui-do cx-activate-item "NavigationPane*Frame2*Table1*List_Tree2")
(cx-gui-do cx-set-list-tree-selections "NavigationPane*Frame2*Table1*List_Tree2" (list "Setup|Models|Multiphase (Off)"))
(cx-gui-do cx-activate-tab-index "Multiphase Model*Frame1" 0)
(cx-gui-do cx-activate-tab-index "Multiphase Model*Frame1" 1)
(cx-gui-do cx-activate-tab-index "Multiphase Model*Frame1" 0)
(cx-gui-do cx-activate-tab-index "Multiphase Model*Frame1" 2)
(cx-gui-do cx-activate-tab-index "Multiphase Model*Frame1" 0)
(cx-gui-do cx-activate-tab-index "Multiphase Model*Frame1" 3)
(cx-gui-do cx-activate-tab-index "Multiphase Model*Frame1" 0)
(cx-gui-do cx-set-toggle-button2 "Multiphase Model*Frame1*Frame1(Models)*Table1*Frame1*Table1*ToggleBox1(Model)*Eulerian" #t)
(cx-gui-do cx-activate-item "Multiphase Model*Frame1*Frame1(Models)*Table1*Frame1*Table1*ToggleBox1(Model)*Eulerian")
(cx-gui-do cx-set-integer-entry "Multiphase Model*Frame1*Frame1(Models)*Table1*Frame1*Table1*Table2*IntegerEntry1(Number of Eulerian Phases)" 3)
(cx-gui-do cx-activate-item "Multiphase Model*Frame1*Frame1(Models)*Table1*Frame1*Table1*Table2*IntegerEntry1(Number of Eulerian Phases)")
(cx-gui-do cx-activate-item "Multiphase Model*PanelButtons*PushButton1(OK)")
(cx-gui-do cx-activate-tab-index "Multiphase Model*Frame1*Frame3(Phase Interaction)*Table1*Table1*Frame1*Frame2*Frame1" 0)
(cx-gui-do cx-activate-tab-index "Multiphase Model*Frame1*Frame3(Phase Interaction)*Table1*Table1*Frame1*Frame2*Frame1" 1)
(cx-gui-do cx-activate-tab-index "Multiphase Model*Frame1*Frame3(Phase Interaction)*Table1*Table1*Frame1*Frame2*Frame1" 0)
(cx-gui-do cx-activate-tab-index "Multiphase Model*Frame1*Frame3(Phase Interaction)*Table1*Table1*Frame1*Frame2*Frame1" 2)
(cx-gui-do cx-activate-tab-index "Multiphase Model*Frame1*Frame3(Phase Interaction)*Table1*Table1*Frame1*Frame2*Frame1" 0)
(cx-gui-do cx-activate-tab-index "Multiphase Model*Frame1*Frame3(Phase Interaction)*Table1*Table1*Frame1*Frame2*Frame1*Frame3(Heat, Mass, Reactions)" 0)
(cx-gui-do cx-activate-tab-index "Multiphase Model*Frame1*Frame3(Phase Interaction)*Table1*Table1*Frame1*Frame2*Frame1*Frame3(Heat, Mass, Reactions)" 1)
(cx-gui-do cx-activate-tab-index "Multiphase Model*Frame1*Frame3(Phase Interaction)*Table1*Table1*Frame1*Frame2*Frame1*Frame3(Heat, Mass, Reactions)" 0)
(cx-gui-do cx-activate-tab-index "Multiphase Model*Frame1*Frame3(Phase Interaction)*Table1*Table1*Frame1*Frame2*Frame1*Frame3(Heat, Mass, Reactions)" 2)
(cx-gui-do cx-activate-tab-index "Multiphase Model*Frame1*Frame3(Phase Interaction)*Table1*Table1*Frame1*Frame2*Frame1*Frame3(Heat, Mass, Reactions)" 0)
(cx-gui-do cx-activate-tab-index "Multiphase Model*Frame1*Frame3(Phase Interaction)*Table1*Table1*Frame1*Frame2*Frame1" 3)
(cx-gui-do cx-activate-tab-index "Multiphase Model*Frame1*Frame3(Phase Interaction)*Table1*Table1*Frame1*Frame2*Frame1" 0)
(cx-gui-do cx-activate-tab-index "Multiphase Model*Frame1*Frame3(Phase Interaction)*Table1*Table1*Frame1*Frame2*Frame1" 4)
(cx-gui-do cx-activate-tab-index "Multiphase Model*Frame1*Frame3(Phase Interaction)*Table1*Table1*Frame1*Frame2*Frame1" 0)
(cx-gui-do cx-activate-tab-index "Multiphase Model*Frame1*Frame3(Phase Interaction)*Table1*Table1*Frame1*Frame2*Frame1*Frame3(Heat, Mass, Reactions)" 0)
(cx-gui-do cx-activate-tab-index "Multiphase Model*Frame1*Frame3(Phase Interaction)*Table1*Table1*Frame1*Frame2*Frame1*Frame3(Heat, Mass, Reactions)" 0)
(cx-gui-do cx-activate-tab-index "Multiphase Model*Frame1*Frame3(Phase Interaction)*Table1*Table1*Frame1*Frame2*Frame1" 0)
(cx-gui-do cx-activate-tab-index "Multiphase Model*Frame1*Frame3(Phase Interaction)*Table1*Table1*Frame1*Frame2*Frame1*Frame3(Heat, Mass, Reactions)" 0)
(cx-gui-do cx-activate-tab-index "Multiphase Model*Frame1*Frame3(Phase Interaction)*Table1*Table1*Frame1*Frame2*Frame1*Frame3(Heat, Mass, Reactions)" 0)
(cx-gui-do cx-activate-tab-index "Multiphase Model*Frame1*Frame3(Phase Interaction)*Table1*Table1*Frame1*Frame2*Frame1*Frame3(Heat, Mass, Reactions)" 0)
(cx-gui-do cx-activate-item "Information*OK")
(cx-gui-do cx-activate-item "Multiphase Model*PanelButtons*PushButton2(Cancel)")
(cx-gui-do cx-set-list-tree-selections "NavigationPane*Frame2*Table1*List_Tree2" (list "Setup|Models|Viscous (Standard k-e, Standard Wall Fn, Mixture)"))
(cx-gui-do cx-set-list-tree-selections "NavigationPane*Frame2*Table1*List_Tree2" (list "Setup|Models|Viscous (Standard k-e, Standard Wall Fn, Mixture)"))
(cx-gui-do cx-activate-item "NavigationPane*Frame2*Table1*List_Tree2")
(cx-gui-do cx-set-list-tree-selections "NavigationPane*Frame2*Table1*List_Tree2" (list "Setup|Models|Viscous (Standard k-e, Standard Wall Fn, Mixture)"))
(cx-gui-do cx-set-toggle-button2 "Viscous Model*Table1*ToggleBox6(k-epsilon Model)*Realizable" #t)
(cx-gui-do cx-activate-item "Viscous Model*Table1*ToggleBox6(k-epsilon Model)*Realizable")
(cx-gui-do cx-activate-item "Viscous Model*PanelButtons*PushButton1(OK)")
(cx-gui-do cx-set-list-tree-selections "NavigationPane*Frame2*Table1*List_Tree2" (list "Setup|Models|Species (Off)"))
(cx-gui-do cx-set-list-tree-selections "NavigationPane*Frame2*Table1*List_Tree2" (list "Setup|Models|Species (Off)"))
(cx-gui-do cx-activate-item "NavigationPane*Frame2*Table1*List_Tree2")
(cx-gui-do cx-set-list-tree-selections "NavigationPane*Frame2*Table1*List_Tree2" (list "Setup|Models|Species (Off)"))
(cx-gui-do cx-activate-tab-index "Species Model*Table2*Frame3" 0)
(cx-gui-do cx-activate-tab-index "Species Model*Table2*Frame3" 1)
(cx-gui-do cx-activate-tab-index "Species Model*Table2*Frame3" 0)
(cx-gui-do cx-activate-tab-index "Species Model*Table2*Frame3" 2)
(cx-gui-do cx-activate-tab-index "Species Model*Table2*Frame3" 0)
(cx-gui-do cx-activate-tab-index "Species Model*Table2*Frame4(PDF Table Creation)" 0)
(cx-gui-do cx-activate-tab-index "Species Model*Table2*Frame4(PDF Table Creation)" 1)
(cx-gui-do cx-activate-tab-index "Species Model*Table2*Frame4(PDF Table Creation)" 0)
(cx-gui-do cx-activate-tab-index "Species Model*Table2*Frame4(PDF Table Creation)" 2)
(cx-gui-do cx-activate-tab-index "Species Model*Table2*Frame4(PDF Table Creation)" 0)
(cx-gui-do cx-activate-tab-index "Species Model*Table2*Frame4(PDF Table Creation)" 3)
(cx-gui-do cx-activate-tab-index "Species Model*Table2*Frame4(PDF Table Creation)" 0)
(cx-gui-do cx-activate-tab-index "Species Model*Table2*Frame4(PDF Table Creation)" 4)
(cx-gui-do cx-activate-tab-index "Species Model*Table2*Frame4(PDF Table Creation)" 0)
(cx-gui-do cx-activate-tab-index "Species Model*Table2*Frame4(PDF Table Creation)" 5)
(cx-gui-do cx-activate-tab-index "Species Model*Table2*Frame4(PDF Table Creation)" 0)
(cx-gui-do cx-activate-tab-index "Species Model*Table2*Frame4(PDF Table Creation)" 6)
(cx-gui-do cx-activate-tab-index "Species Model*Table2*Frame4(PDF Table Creation)" 0)
(cx-gui-do cx-set-toggle-button2 "Species Model*Table1*ToggleBox1(Model)*Species Transport" #t)
(cx-gui-do cx-activate-item "Species Model*Table1*ToggleBox1(Model)*Species Transport")
(cx-gui-do cx-set-toggle-button2 "Species Model*Table1*Frame3(Reactions)*ToggleBox1*CheckButton1(Volumetric)" #t)
(cx-gui-do cx-activate-item "Species Model*Table1*Frame3(Reactions)*ToggleBox1*CheckButton1(Volumetric)")
(cx-gui-do cx-activate-item "Species Model*PanelButtons*PushButton1(OK)")
(cx-gui-do cx-activate-tab-index "Multiphase Model*Frame1*Frame3(Phase Interaction)*Table1*Table1*Frame1*Frame2*Frame1*Frame3(Heat, Mass, Reactions)" 0)
(cx-gui-do cx-activate-tab-index "Multiphase Model*Frame1*Frame3(Phase Interaction)*Table1*Table1*Frame1*Frame2*Frame1*Frame3(Heat, Mass, Reactions)" 0)
(cx-gui-do cx-set-list-tree-selections "NavigationPane*Frame2*Table1*List_Tree2" (list "Setup|Materials|Fluid|air"))
(cx-gui-do cx-set-list-tree-selections "NavigationPane*Frame2*Table1*List_Tree2" (list "Setup|Materials|Fluid|air"))
(cx-gui-do cx-activate-item "NavigationPane*Frame2*Table1*List_Tree2")
(cx-gui-do cx-set-list-tree-selections "NavigationPane*Frame2*Table1*List_Tree2" (list "Setup|Materials|Fluid|air"))
(cx-gui-do cx-activate-item "Create/Edit Materials*Table1*Frame1*Frame2*ButtonBox2*PushButton1(Fluent Database)")
(cx-gui-do cx-set-list-selections "Fluent Database Materials*Table1*Frame1*Frame3*DropDownList1(Material Type)" '( 1))
(cx-gui-do cx-activate-item "Fluent Database Materials*Table1*Frame1*Frame3*DropDownList1(Material Type)")
(cx-gui-do cx-set-toggle-button2 "Fluent Database Materials*Table1*Frame1*Frame3*ToggleBox2(Order Materials by)*Chemical Formula" #t)
(cx-gui-do cx-activate-item "Fluent Database Materials*Table1*Frame1*Frame3*ToggleBox2(Order Materials by)*Chemical Formula")
(cx-gui-do cx-set-toggle-button2 "Fluent Database Materials*Table1*Frame1*Frame3*ToggleBox2(Order Materials by)*Name" #t)
(cx-gui-do cx-activate-item "Fluent Database Materials*Table1*Frame1*Frame3*ToggleBox2(Order Materials by)*Name")
(cx-gui-do cx-set-toggle-button2 "Fluent Database Materials*Table1*Frame1*Frame3*ToggleBox2(Order Materials by)*Chemical Formula" #t)
(cx-gui-do cx-activate-item "Fluent Database Materials*Table1*Frame1*Frame3*ToggleBox2(Order Materials by)*Chemical Formula")
(cx-gui-do cx-set-list-selections "Fluent Database Materials*Table1*Frame1*List1(Materials)" '( 13 14))
(cx-gui-do cx-activate-item "Fluent Database Materials*Table1*Frame1*List1(Materials)")
(cx-gui-do cx-set-list-selections "Fluent Database Materials*Table1*Frame1*List1(Materials)" '( 13))
(cx-gui-do cx-activate-item "Fluent Database Materials*Table1*Frame1*List1(Materials)")
(cx-gui-do cx-set-list-selections "Fluent Database Materials*Table1*Frame1*List1(Materials)" '( 13 14))
(cx-gui-do cx-activate-item "Fluent Database Materials*Table1*Frame1*List1(Materials)")
(cx-gui-do cx-set-list-selections "Fluent Database Materials*Table1*Frame1*List1(Materials)" '( 14))
(cx-gui-do cx-activate-item "Fluent Database Materials*Table1*Frame1*List1(Materials)")
(cx-gui-do cx-activate-item "Fluent Database Materials*PanelButtons*PushButton6(Copy)")
(cx-gui-do cx-set-list-selections "Fluent Database Materials*Table1*Frame1*List1(Materials)" '())
(cx-gui-do cx-activate-item "Fluent Database Materials*Table1*Frame1*List1(Materials)")
(cx-gui-do cx-set-list-selections "Fluent Database Materials*Table1*Frame1*List1(Materials)" '( 289))
(cx-gui-do cx-activate-item "Fluent Database Materials*Table1*Frame1*List1(Materials)")
(cx-gui-do cx-activate-item "Fluent Database Materials*PanelButtons*PushButton6(Copy)")
(cx-gui-do cx-set-list-selections "Fluent Database Materials*Table1*Frame1*List1(Materials)" '())
(cx-gui-do cx-activate-item "Fluent Database Materials*Table1*Frame1*List1(Materials)")
(cx-gui-do cx-set-list-selections "Fluent Database Materials*Table1*Frame1*List1(Materials)" '( 441))
(cx-gui-do cx-activate-item "Fluent Database Materials*Table1*Frame1*List1(Materials)")
(cx-gui-do cx-activate-item "Fluent Database Materials*PanelButtons*PushButton6(Copy)")
(cx-gui-do cx-set-list-selections "Fluent Database Materials*Table1*Frame1*List1(Materials)" '( 441 461))
(cx-gui-do cx-activate-item "Fluent Database Materials*Table1*Frame1*List1(Materials)")
(cx-gui-do cx-activate-item "Fluent Database Materials*PanelButtons*PushButton6(Copy)")
(cx-gui-do cx-activate-item "New Material Name*PanelButtons*PushButton2(Cancel)")
(cx-gui-do cx-activate-item "Fluent Database Materials*PanelButtons*PushButton1(Close)")
(cx-gui-do cx-activate-item "Information*OK")
(cx-gui-do cx-set-list-selections "Create/Edit Materials*Table2*Table1(Properties)*DropDownList4(Density)" '( 12))
(cx-gui-do cx-activate-item "Create/Edit Materials*Table2*Table1(Properties)*DropDownList4(Density)")
(cx-gui-do cx-set-integer-entry "Polynomial Profile*Table1*Table1*IntegerEntry3(Coefficients)" 2)
(cx-gui-do cx-activate-item "Polynomial Profile*Table1*Table1*IntegerEntry3(Coefficients)")
(cx-gui-do cx-set-integer-entry "Polynomial Profile*Table1*Table1*IntegerEntry3(Coefficients)" 3)
(cx-gui-do cx-activate-item "Polynomial Profile*Table1*Table1*IntegerEntry3(Coefficients)")
(cx-gui-do cx-set-real-entry-list "Polynomial Profile*Table1*Table2(Coefficients)*RealEntry1(1)" '( 1.37821))
(cx-gui-do cx-activate-item "Polynomial Profile*Table1*Table2(Coefficients)*RealEntry1(1)")
(cx-gui-do cx-set-real-entry-list "Polynomial Profile*Table1*Table2(Coefficients)*RealEntry2(2)" '( -0.0029))
(cx-gui-do cx-activate-item "Polynomial Profile*Table1*Table2(Coefficients)*RealEntry2(2)")
(cx-gui-do cx-set-real-entry-list "Polynomial Profile*Table1*Table2(Coefficients)*RealEntry3(3)" '( 1.94897e-06))
(cx-gui-do cx-activate-item "Polynomial Profile*Table1*Table2(Coefficients)*RealEntry3(3)")
(cx-gui-do cx-activate-item "Polynomial Profile*PanelButtons*PushButton1(OK)")
(cx-gui-do cx-set-list-selections "Create/Edit Materials*Table2*Table1(Properties)*DropDownList7(Viscosity)" '( 5))
(cx-gui-do cx-activate-item "Create/Edit Materials*Table2*Table1(Properties)*DropDownList7(Viscosity)")
(cx-gui-do cx-set-toggle-button2 "Power Law*Table1*ToggleBox1(Methods)*Three Coefficient Method" #t)
(cx-gui-do cx-activate-item "Power Law*Table1*ToggleBox1(Methods)*Three Coefficient Method")
(cx-gui-do cx-set-real-entry-list "Power Law*Table1*Table2*RealEntry1(B)" '( 2.5934))
(cx-gui-do cx-activate-item "Power Law*Table1*Table2*RealEntry1(B)")
(cx-gui-do cx-set-real-entry-list "Power Law*Table1*Table2*RealEntry2(Temperature Exponent, n)" '( 273))
(cx-gui-do cx-activate-item "Power Law*Table1*Table2*RealEntry2(Temperature Exponent, n)")
(cx-gui-do cx-set-real-entry-list "Power Law*Table1*Table2*RealEntry3(Temperature Exponent, n)" '( 1.04932))
(cx-gui-do cx-activate-item "Power Law*Table1*Table2*RealEntry3(Temperature Exponent, n)")
(cx-gui-do cx-activate-item "Power Law*PanelButtons*PushButton1(OK)")
(cx-gui-do cx-activate-item "Create/Edit Materials*PanelButtons*PushButton3(Change/Create)")
(cx-gui-do cx-activate-item "Create/Edit Materials*PanelButtons*PushButton1(Close)")
(cx-gui-do cx-set-list-tree-selections "NavigationPane*Frame2*Table1*List_Tree2" (list "Setup|Materials|Fluid|argon"))
(cx-gui-do cx-set-list-tree-selections "NavigationPane*Frame2*Table1*List_Tree2" (list "Setup|Materials|Fluid|argon"))
(cx-gui-do cx-set-list-tree-selections "NavigationPane*Frame2*Table1*List_Tree2" (list "Setup|Materials|Fluid|argon"))
(cx-gui-do cx-activate-item "NavigationPane*Frame2*Table1*List_Tree2")
(cx-gui-do cx-set-list-tree-selections "NavigationPane*Frame2*Table1*List_Tree2" (list "Setup|Materials|Fluid|argon"))
(cx-gui-do cx-set-list-selections "Create/Edit Materials*Table2*Table1(Properties)*DropDownList4(Density)" '( 12))
(cx-gui-do cx-activate-item "Create/Edit Materials*Table2*Table1(Properties)*DropDownList4(Density)")
(cx-gui-do cx-set-integer-entry "Polynomial Profile*Table1*Table1*IntegerEntry3(Coefficients)" 2)
(cx-gui-do cx-activate-item "Polynomial Profile*Table1*Table1*IntegerEntry3(Coefficients)")
(cx-gui-do cx-set-integer-entry "Polynomial Profile*Table1*Table1*IntegerEntry3(Coefficients)" 3)
(cx-gui-do cx-activate-item "Polynomial Profile*Table1*Table1*IntegerEntry3(Coefficients)")
(cx-gui-do cx-set-real-entry-list "Polynomial Profile*Table1*Table2(Coefficients)*RealEntry1(1)" '( 2.38312))
(cx-gui-do cx-activate-item "Polynomial Profile*Table1*Table2(Coefficients)*RealEntry1(1)")
(cx-gui-do cx-set-real-entry-list "Polynomial Profile*Table1*Table2(Coefficients)*RealEntry2(2)" '( -0.00347))
(cx-gui-do cx-activate-item "Polynomial Profile*Table1*Table2(Coefficients)*RealEntry2(2)")
(cx-gui-do cx-set-real-entry-list "Polynomial Profile*Table1*Table2(Coefficients)*RealEntry3(3)" '( 1.53776e-06))
(cx-gui-do cx-activate-item "Polynomial Profile*Table1*Table2(Coefficients)*RealEntry3(3)")
(cx-gui-do cx-activate-item "Polynomial Profile*PanelButtons*PushButton1(OK)")
(cx-gui-do cx-set-list-selections "Create/Edit Materials*Table2*Table1(Properties)*DropDownList7(Viscosity)" '( 5))
(cx-gui-do cx-activate-item "Create/Edit Materials*Table2*Table1(Properties)*DropDownList7(Viscosity)")
(cx-gui-do cx-set-real-entry-list "Power Law*Table1*Table2*RealEntry1(B)" '( 2.418894e-06))
(cx-gui-do cx-activate-item "Power Law*Table1*Table2*RealEntry1(B)")
(cx-gui-do cx-set-real-entry-list "Power Law*Table1*Table2*RealEntry3(Temperature Exponent, n)" '( 0.70761))
(cx-gui-do cx-activate-item "Power Law*Table1*Table2*RealEntry3(Temperature Exponent, n)")
(cx-gui-do cx-activate-item "Power Law*PanelButtons*PushButton1(OK)")
(cx-gui-do cx-activate-item "Create/Edit Materials*PanelButtons*PushButton3(Change/Create)")
(cx-gui-do cx-set-list-tree-selections "NavigationPane*Frame2*Table1*List_Tree2" (list "Setup|Materials|Fluid|hydrogen"))
(cx-gui-do cx-set-list-tree-selections "NavigationPane*Frame2*Table1*List_Tree2" (list "Setup|Materials|Fluid|hydrogen"))
(cx-gui-do cx-activate-item "NavigationPane*Frame2*Table1*List_Tree2")
(cx-gui-do cx-set-list-tree-selections "NavigationPane*Frame2*Table1*List_Tree2" (list "Setup|Materials|Fluid|hydrogen"))
(cx-gui-do cx-set-list-selections "Create/Edit Materials*Table2*Table1(Properties)*DropDownList4(Density)" '( 12))
(cx-gui-do cx-activate-item "Create/Edit Materials*Table2*Table1(Properties)*DropDownList4(Density)")
(cx-gui-do cx-set-integer-entry "Polynomial Profile*Table1*Table1*IntegerEntry3(Coefficients)" 2)
(cx-gui-do cx-activate-item "Polynomial Profile*Table1*Table1*IntegerEntry3(Coefficients)")
(cx-gui-do cx-set-integer-entry "Polynomial Profile*Table1*Table1*IntegerEntry3(Coefficients)" 3)
(cx-gui-do cx-activate-item "Polynomial Profile*Table1*Table1*IntegerEntry3(Coefficients)")
(cx-gui-do cx-set-real-entry-list "Polynomial Profile*Table1*Table2(Coefficients)*RealEntry1(1)" '( 0.13641))
(cx-gui-do cx-activate-item "Polynomial Profile*Table1*Table2(Coefficients)*RealEntry1(1)")
(cx-gui-do cx-set-real-entry-list "Polynomial Profile*Table1*Table2(Coefficients)*RealEntry2(2)" '( -0.000233538))
(cx-gui-do cx-activate-item "Polynomial Profile*Table1*Table2(Coefficients)*RealEntry2(2)")
(cx-gui-do cx-set-real-entry-list "Polynomial Profile*Table1*Table2(Coefficients)*RealEntry3(3)" '( 1.24575e-07))
(cx-gui-do cx-activate-item "Polynomial Profile*Table1*Table2(Coefficients)*RealEntry3(3)")
(cx-gui-do cx-activate-item "Polynomial Profile*PanelButtons*PushButton1(OK)")
(cx-gui-do cx-set-list-selections "Create/Edit Materials*Table2*Table1(Properties)*DropDownList7(Viscosity)" '( 5))
(cx-gui-do cx-activate-item "Create/Edit Materials*Table2*Table1(Properties)*DropDownList7(Viscosity)")
(cx-gui-do cx-set-real-entry-list "Power Law*Table1*Table2*RealEntry1(B)" '( 1.64535e-07))
(cx-gui-do cx-activate-item "Power Law*Table1*Table2*RealEntry1(B)")
(cx-gui-do cx-set-real-entry-list "Power Law*Table1*Table2*RealEntry3(Temperature Exponent, n)" '( 0.69992))
(cx-gui-do cx-activate-item "Power Law*Table1*Table2*RealEntry3(Temperature Exponent, n)")
(cx-gui-do cx-activate-item "Power Law*PanelButtons*PushButton1(OK)")
(cx-gui-do cx-activate-item "Create/Edit Materials*PanelButtons*PushButton3(Change/Create)")
(cx-gui-do cx-set-list-tree-selections "NavigationPane*Frame2*Table1*List_Tree2" (list "Setup|Materials|Fluid|nitrogen"))
(cx-gui-do cx-set-list-tree-selections "NavigationPane*Frame2*Table1*List_Tree2" (list "Setup|Materials|Fluid|nitrogen"))
(cx-gui-do cx-activate-item "NavigationPane*Frame2*Table1*List_Tree2")
(cx-gui-do cx-set-list-tree-selections "NavigationPane*Frame2*Table1*List_Tree2" (list "Setup|Materials|Fluid|nitrogen"))
(cx-gui-do cx-set-list-selections "Create/Edit Materials*Table2*Table1(Properties)*DropDownList4(Density)" '( 12))
(cx-gui-do cx-activate-item "Create/Edit Materials*Table2*Table1(Properties)*DropDownList4(Density)")
(cx-gui-do cx-set-integer-entry "Polynomial Profile*Table1*Table1*IntegerEntry3(Coefficients)" 2)
(cx-gui-do cx-activate-item "Polynomial Profile*Table1*Table1*IntegerEntry3(Coefficients)")
(cx-gui-do cx-set-integer-entry "Polynomial Profile*Table1*Table1*IntegerEntry3(Coefficients)" 3)
(cx-gui-do cx-activate-item "Polynomial Profile*Table1*Table1*IntegerEntry3(Coefficients)")
(cx-gui-do cx-set-real-entry-list "Polynomial Profile*Table1*Table2(Coefficients)*RealEntry1(1)" '( 1.67041))
(cx-gui-do cx-activate-item "Polynomial Profile*Table1*Table2(Coefficients)*RealEntry1(1)")
(cx-gui-do cx-set-real-entry-list "Polynomial Profile*Table1*Table2(Coefficients)*RealEntry2(2)" '( -0.00243))
(cx-gui-do cx-activate-item "Polynomial Profile*Table1*Table2(Coefficients)*RealEntry2(2)")
(cx-gui-do cx-set-real-entry-list "Polynomial Profile*Table1*Table2(Coefficients)*RealEntry3(3)" '( 1.07764e-06))
(cx-gui-do cx-activate-item "Polynomial Profile*Table1*Table2(Coefficients)*RealEntry3(3)")
(cx-gui-do cx-activate-item "Polynomial Profile*PanelButtons*PushButton1(OK)")

(cx-gui-do cx-set-list-selections "Create/Edit Materials*Table2*Table1(Properties)*DropDownList7(Viscosity)" '( 5))
(cx-gui-do cx-activate-item "Create/Edit Materials*Table2*Table1(Properties)*DropDownList7(Viscosity)")
(cx-gui-do cx-set-real-entry-list "Power Law*Table1*Table2*RealEntry1(B)" '( 3.93901e-07))
(cx-gui-do cx-activate-item "Power Law*Table1*Table2*RealEntry1(B)")
(cx-gui-do cx-set-real-entry-list "Power Law*Table1*Table2*RealEntry3(Temperature Exponent, n)" '( 0.67426))
(cx-gui-do cx-activate-item "Power Law*Table1*Table2*RealEntry3(Temperature Exponent, n)")
(cx-gui-do cx-activate-item "Power Law*PanelButtons*PushButton1(OK)")
(cx-gui-do cx-activate-item "Create/Edit Materials*PanelButtons*PushButton3(Change/Create)")
(cx-gui-do cx-activate-item "Create/Edit Materials*PanelButtons*PushButton1(Close)")
(cx-gui-do cx-set-list-tree-selections "NavigationPane*Frame2*Table1*List_Tree2" (list "Setup|Materials|Fluid|air"))
(cx-gui-do cx-set-list-tree-selections "NavigationPane*Frame2*Table1*List_Tree2" (list "Setup|Materials|Fluid|air"))
(cx-gui-do cx-list-tree-right-click "NavigationPane*Frame2*Table1*List_Tree2" )
(cx-gui-do cx-activate-item "MenuBar*PopupMenuTree-air*Copy...")
(cx-gui-do cx-set-text-entry "Create/Edit Materials*Table1*Frame1*Table1*TextEntry1(Name)" "fe3o4")
(cx-gui-do cx-set-real-entry-list "Create/Edit Materials*RealEntry10" '( 5180))
(cx-gui-do cx-set-real-entry-list "Create/Edit Materials*RealEntry12" '( 1858))
(cx-gui-do cx-set-real-entry-list "Create/Edit Materials*RealEntry14" '( 232))
(cx-gui-do cx-activate-item "Create/Edit Materials*PanelButtons*PushButton3(Change/Create)")
(cx-gui-do cx-activate-item "Question*OK")
(cx-gui-do cx-set-list-tree-selections "NavigationPane*Frame2*Table1*List_Tree2" (list "Setup|Materials|Fluid|air"))
(cx-gui-do cx-set-list-tree-selections "NavigationPane*Frame2*Table1*List_Tree2" (list "Setup|Materials|Fluid|air"))
(cx-gui-do cx-list-tree-right-click "NavigationPane*Frame2*Table1*List_Tree2" )
(cx-gui-do cx-activate-item "MenuBar*PopupMenuTree-air*Copy...")
(cx-gui-do cx-set-list-tree-selections "NavigationPane*Frame2*Table1*List_Tree2" (list "Setup|Materials|Fluid|air-1"))
(cx-gui-do cx-set-text-entry "Create/Edit Materials*Table1*Frame1*Table1*TextEntry1(Name)" "fe")
(cx-gui-do cx-set-real-entry-list "Create/Edit Materials*RealEntry10" '( 7800))
(cx-gui-do cx-set-real-entry-list "Create/Edit Materials*RealEntry12" '( 460))
(cx-gui-do cx-set-real-entry-list "Create/Edit Materials*RealEntry14" '( 56))
(cx-gui-do cx-activate-item "Create/Edit Materials*PanelButtons*PushButton3(Change/Create)")
(cx-gui-do cx-activate-item "Question*OK")
(cx-gui-do cx-set-list-tree-selections "NavigationPane*Frame2*Table1*List_Tree2" (list "Setup|Materials|Fluid|air"))
(cx-gui-do cx-list-tree-right-click "NavigationPane*Frame2*Table1*List_Tree2" )
(cx-gui-do cx-activate-item "MenuBar*PopupMenuTree-air*Copy...")
(cx-gui-do cx-set-text-entry "Create/Edit Materials*Table1*Frame1*Table1*TextEntry1(Name)" "feo")
(cx-gui-do cx-set-real-entry-list "Create/Edit Materials*RealEntry10" '( 5780))
(cx-gui-do cx-set-real-entry-list "Create/Edit Materials*RealEntry12" '( 725))
(cx-gui-do cx-set-real-entry-list "Create/Edit Materials*RealEntry14" '( 72))
(cx-gui-do cx-activate-item "Create/Edit Materials*PanelButtons*PushButton3(Change/Create)")
(cx-gui-do cx-activate-item "Question*OK")
(cx-gui-do cx-set-list-tree-selections "NavigationPane*Frame2*Table1*List_Tree2" (list "Setup|Materials|Fluid|air"))
(cx-gui-do cx-set-list-tree-selections "NavigationPane*Frame2*Table1*List_Tree2" (list "Setup|Materials|Fluid|air"))
(cx-gui-do cx-list-tree-right-click "NavigationPane*Frame2*Table1*List_Tree2" )
(cx-gui-do cx-activate-item "MenuBar*PopupMenuTree-air*Copy...")
(cx-gui-do cx-set-text-entry "Create/Edit Materials*Table1*Frame1*Table1*TextEntry1(Name)" "fe2o3")
(cx-gui-do cx-set-real-entry-list "Create/Edit Materials*RealEntry10" '( 5240))
(cx-gui-do cx-set-real-entry-list "Create/Edit Materials*RealEntry12" '( 0.77))
(cx-gui-do cx-set-real-entry-list "Create/Edit Materials*RealEntry14" '( 160))
(cx-gui-do cx-activate-item "Create/Edit Materials*PanelButtons*PushButton3(Change/Create)")
(cx-gui-do cx-activate-item "Question*OK")
(cx-gui-do cx-activate-item "Create/Edit Materials*PanelButtons*PushButton1(Close)")
(cx-gui-do cx-set-list-tree-selections "NavigationPane*Frame2*Table1*List_Tree2" (list "Setup|Models|Viscous (Realizable k-e, Standard Wall Fn, Mixture)"))
(cx-gui-do cx-set-list-tree-selections "NavigationPane*Frame2*Table1*List_Tree2" (list "Setup|Models|Species (Species Transport, Reactions)"))
(cx-gui-do cx-set-list-tree-selections "NavigationPane*Frame2*Table1*List_Tree2" (list "Setup|Models|Species (Species Transport, Reactions)"))
(cx-gui-do cx-activate-item "NavigationPane*Frame2*Table1*List_Tree2")
(cx-gui-do cx-set-list-tree-selections "NavigationPane*Frame2*Table1*List_Tree2" (list "Setup|Models|Species (Species Transport, Reactions)"))
(cx-gui-do cx-activate-item "Species Model*Table2*Frame2(Phase Properties)*Frame4*PushButton1(Set)")
(cx-gui-do cx-activate-item "Phase Properties*Table1*Table2*PushButton2(Edit)")
(cx-gui-do cx-activate-item "Edit Material*PanelButtons*PushButton1(Close)")
(cx-gui-do cx-activate-item "Phase Properties*Table1*Table2*PushButton2(Edit)")
(cx-gui-do cx-activate-item "Edit Material*PanelButtons*PushButton1(Close)")
(cx-gui-do cx-set-list-selections "Phase Properties*Table1*Table2*DropDownList1(Material)" '( 9))
(cx-gui-do cx-activate-item "Phase Properties*Table1*Table2*DropDownList1(Material)")
(cx-gui-do cx-activate-item "Phase Properties*PanelButtons*PushButton1(OK)")
(cx-gui-do cx-activate-item "Species Model*PanelButtons*PushButton1(OK)")
(cx-gui-do cx-set-list-tree-selections "NavigationPane*Frame2*Table1*List_Tree2" (list "Setup|Materials|Mixture|mixture-template"))
(cx-gui-do cx-set-list-tree-selections "NavigationPane*Frame2*Table1*List_Tree2" (list "Setup|Materials|Mixture|mixture-template"))
(cx-gui-do cx-set-list-tree-selections "NavigationPane*Frame2*Table1*List_Tree2" (list "Setup|Materials|Mixture|mixture-template"))
(cx-gui-do cx-activate-item "NavigationPane*Frame2*Table1*List_Tree2")
(cx-gui-do cx-set-list-tree-selections "NavigationPane*Frame2*Table1*List_Tree2" (list "Setup|Materials|Mixture|mixture-template"))
(cx-gui-do cx-set-text-entry "Create/Edit Materials*Table1*Frame1*Table1*TextEntry1(Name)" "iron-ore")
(cx-gui-do cx-activate-item "Create/Edit Materials*PushButton3(Edit)")
(cx-gui-do cx-set-list-selections "Species*Table2*List1(Available Materials)" '( 0))
(cx-gui-do cx-activate-item "Species*Table2*List1(Available Materials)")
(cx-gui-do cx-activate-item "Species*Table2*Frame2*ButtonBox2*PushButton1(Add)")
(cx-gui-do cx-set-list-selections "Species*Table2*List1(Available Materials)" '( 0))
(cx-gui-do cx-activate-item "Species*Table2*List1(Available Materials)")
(cx-gui-do cx-activate-item "Species*Table2*Frame2*ButtonBox2*PushButton1(Add)")
(cx-gui-do cx-set-list-selections "Species*Table2*List1(Available Materials)" '( 0))
(cx-gui-do cx-activate-item "Species*Table2*List1(Available Materials)")
(cx-gui-do cx-activate-item "Species*Table2*Frame2*ButtonBox2*PushButton1(Add)")
(cx-gui-do cx-set-list-selections "Species*Table2*List1(Available Materials)" '( 0))
(cx-gui-do cx-activate-item "Species*Table2*List1(Available Materials)")
(cx-gui-do cx-activate-item "Species*Table2*Frame2*ButtonBox2*PushButton1(Add)")
(cx-gui-do cx-set-list-selections "Species*Table2*Frame2*List1(Selected Species)" '( 0))
(cx-gui-do cx-activate-item "Species*Table2*Frame2*List1(Selected Species)")
(cx-gui-do cx-set-list-selections "Species*Table2*Frame2*List1(Selected Species)" '( 3))
(cx-gui-do cx-activate-item "Species*Table2*Frame2*List1(Selected Species)")
(cx-gui-do cx-activate-item "Species*Table2*Frame2*ButtonBox2*PushButton3(Last Species)")
(cx-gui-do cx-set-list-selections "Species*Table2*Frame2*List1(Selected Species)" '( 0))
(cx-gui-do cx-activate-item "Species*Table2*Frame2*List1(Selected Species)")
(cx-gui-do cx-activate-item "Species*Table2*Frame2*ButtonBox2*PushButton2(Remove)")
(cx-gui-do cx-activate-item "Question*OK")
(cx-gui-do cx-activate-item "Warning*OK")
(cx-gui-do cx-set-list-selections "Species*Table2*Frame2*List1(Selected Species)" '( 0))
(cx-gui-do cx-activate-item "Species*Table2*Frame2*List1(Selected Species)")
(cx-gui-do cx-activate-item "Species*Table2*Frame2*ButtonBox2*PushButton2(Remove)")
(cx-gui-do cx-activate-item "Warning*OK")
(cx-gui-do cx-set-list-selections "Species*Table2*Frame2*List1(Selected Species)" '( 0))
(cx-gui-do cx-activate-item "Species*Table2*Frame2*List1(Selected Species)")
(cx-gui-do cx-activate-item "Species*Table2*Frame2*ButtonBox2*PushButton2(Remove)")
(cx-gui-do cx-activate-item "Warning*OK")
(cx-gui-do cx-activate-item "Species*PanelButtons*PushButton1(OK)")
(cx-gui-do cx-set-list-selections "Create/Edit Materials*Table2*Table1(Properties)*DropDownList4(Density)" '( 2))
(cx-gui-do cx-activate-item "Create/Edit Materials*Table2*Table1(Properties)*DropDownList4(Density)")
(cx-gui-do cx-activate-item "Create/Edit Materials*PanelButtons*PushButton3(Change/Create)")
(cx-gui-do cx-activate-item "Create/Edit Materials*PanelButtons*PushButton1(Close)")
(cx-gui-do cx-set-list-tree-selections "NavigationPane*Frame2*Table1*List_Tree2" (list "Setup|Materials|Mixture|iron-ore"))
(cx-gui-do cx-set-list-tree-selections "NavigationPane*Frame2*Table1*List_Tree2" (list "Setup|Materials|Mixture|iron-ore"))
(cx-gui-do cx-list-tree-right-click "NavigationPane*Frame2*Table1*List_Tree2" )
(cx-gui-do cx-set-list-tree-selections "NavigationPane*Frame2*Table1*List_Tree2" (list "Setup|Materials|Mixture|iron-ore"))
(cx-gui-do cx-list-tree-right-click "NavigationPane*Frame2*Table1*List_Tree2" )
(cx-gui-do cx-activate-item "MenuBar*PopupMenuTree-iron-ore*Copy...")
(cx-gui-do cx-set-text-entry "Create/Edit Materials*Table1*Frame1*Table1*TextEntry1(Name)" "gas")
(cx-gui-do cx-activate-item "Create/Edit Materials*PushButton3(Edit)")
(cx-gui-do cx-set-list-selections "Species*Table2*List1(Available Materials)" '( 0))
(cx-gui-do cx-activate-item "Species*Table2*List1(Available Materials)")
(cx-gui-do cx-activate-item "Species*Table2*Frame2*ButtonBox2*PushButton1(Add)")
(cx-gui-do cx-set-list-selections "Species*Table2*List1(Available Materials)" '( 1))
(cx-gui-do cx-activate-item "Species*Table2*List1(Available Materials)")
(cx-gui-do cx-set-list-selections "Species*Table2*List1(Available Materials)" '( 2))
(cx-gui-do cx-activate-item "Species*Table2*List1(Available Materials)")
(cx-gui-do cx-activate-item "Species*Table2*Frame2*ButtonBox2*PushButton1(Add)")
(cx-gui-do cx-set-list-selections "Species*Table2*List1(Available Materials)" '( 3))
(cx-gui-do cx-activate-item "Species*Table2*List1(Available Materials)")
(cx-gui-do cx-activate-item "Species*Table2*Frame2*ButtonBox2*PushButton1(Add)")
(cx-gui-do cx-set-list-selections "Species*Table2*List1(Available Materials)" '( 2))
(cx-gui-do cx-activate-item "Species*Table2*List1(Available Materials)")
(cx-gui-do cx-activate-item "Species*Table2*Frame2*ButtonBox2*PushButton1(Add)")
(cx-gui-do cx-set-list-selections "Species*Table2*Frame2*List1(Selected Species)" '( 6))
(cx-gui-do cx-activate-item "Species*Table2*Frame2*List1(Selected Species)")
(cx-gui-do cx-activate-item "Species*Table2*Frame2*ButtonBox2*PushButton3(Last Species)")
(cx-gui-do cx-set-list-selections "Species*Table2*Frame2*List1(Selected Species)" '( 0))
(cx-gui-do cx-activate-item "Species*Table2*Frame2*List1(Selected Species)")
(cx-gui-do cx-activate-item "Species*Table2*Frame2*ButtonBox2*PushButton2(Remove)")
(cx-gui-do cx-activate-item "Question*OK")
(cx-gui-do cx-activate-item "Warning*OK")
(cx-gui-do cx-set-list-selections "Species*Table2*Frame2*List1(Selected Species)" '( 0))
(cx-gui-do cx-activate-item "Species*Table2*Frame2*List1(Selected Species)")
(cx-gui-do cx-activate-item "Species*Table2*Frame2*ButtonBox2*PushButton2(Remove)")
(cx-gui-do cx-activate-item "Warning*OK")
(cx-gui-do cx-set-list-selections "Species*Table2*Frame2*List1(Selected Species)" '( 0))
(cx-gui-do cx-activate-item "Species*Table2*Frame2*List1(Selected Species)")
(cx-gui-do cx-activate-item "Species*Table2*Frame2*ButtonBox2*PushButton2(Remove)")
(cx-gui-do cx-activate-item "Warning*OK")
(cx-gui-do cx-set-list-selections "Species*Table2*Frame2*List1(Selected Species)" '( 0))
(cx-gui-do cx-activate-item "Species*Table2*Frame2*List1(Selected Species)")
(cx-gui-do cx-activate-item "Species*Table2*Frame2*ButtonBox2*PushButton2(Remove)")
(cx-gui-do cx-activate-item "Warning*OK")
(cx-gui-do cx-activate-item "Species*PanelButtons*PushButton1(OK)")
(cx-gui-do cx-set-list-selections "Create/Edit Materials*Table2*Table1(Properties)*DropDownList4(Density)" '( 0))
(cx-gui-do cx-activate-item "Create/Edit Materials*Table2*Table1(Properties)*DropDownList4(Density)")
(cx-gui-do cx-activate-item "Create/Edit Materials*PanelButtons*PushButton3(Change/Create)")
(cx-gui-do cx-activate-item "Create/Edit Materials*PanelButtons*PushButton1(Close)")
(cx-gui-do cx-set-list-tree-selections "NavigationPane*Frame2*Table1*List_Tree2" (list "Setup|Models|Multiphase (Eulerian)"))
(cx-gui-do cx-set-list-tree-selections "NavigationPane*Frame2*Table1*List_Tree2" (list "Setup|Models|Multiphase (Eulerian)"))
(cx-gui-do cx-activate-item "NavigationPane*Frame2*Table1*List_Tree2")
(cx-gui-do cx-set-list-tree-selections "NavigationPane*Frame2*Table1*List_Tree2" (list "Setup|Models|Multiphase (Eulerian)"))
(cx-gui-do cx-activate-tab-index "Multiphase Model*Frame1*Frame3(Phase Interaction)*Table1*Table1*Frame1*Frame2*Frame1*Frame3(Heat, Mass, Reactions)" 0)
(cx-gui-do cx-activate-tab-index "Multiphase Model*Frame1*Frame3(Phase Interaction)*Table1*Table1*Frame1*Frame2*Frame1*Frame3(Heat, Mass, Reactions)" 0)
(cx-gui-do cx-activate-tab-index "Multiphase Model*Frame1*Frame3(Phase Interaction)*Table1*Table1*Frame1*Frame2*Frame1*Frame3(Heat, Mass, Reactions)" 0)
(cx-gui-do cx-activate-tab-index "Multiphase Model*Frame1" 1)
(cx-gui-do cx-set-text-entry "Multiphase Model*Frame1*Frame2(Phases)*Table1*Frame1*Table1*Frame2(Phase Setup)*Frame1*Table1*TextEntry2(Name)" "gas")
(cx-gui-do cx-set-list-selections "Multiphase Model*Frame1*Frame2(Phases)*Table1*Frame1*Table1*Frame2(Phase Setup)*Frame1*Table2*Table1*DropDownList1(Phase Material)" '( 11))
(cx-gui-do cx-activate-item "Multiphase Model*Frame1*Frame2(Phases)*Table1*Frame1*Table1*Frame2(Phase Setup)*Frame1*Table2*Table1*DropDownList1(Phase Material)")
(cx-gui-do cx-activate-item "Multiphase Model*PanelButtons*PushButton1(OK)")
(cx-gui-do cx-set-list-selections "Multiphase Model*Frame1*Frame2(Phases)*Table1*Frame1*Table1*Frame1(Phases)*List1" '( 1))
(cx-gui-do cx-activate-item "Multiphase Model*Frame1*Frame2(Phases)*Table1*Frame1*Table1*Frame1(Phases)*List1")
(cx-gui-do cx-set-text-entry "Multiphase Model*Frame1*Frame2(Phases)*Table1*Frame1*Table1*Frame2(Phase Setup)*Frame2*Table1*TextEntry2(Name)" "iron-ore")
(cx-gui-do cx-set-list-selections "Multiphase Model*Frame1*Frame2(Phases)*Table1*Frame1*Table1*Frame2(Phase Setup)*Frame2*Table2*Table1*DropDownList1(Phase Material)" '( 12))
(cx-gui-do cx-activate-item "Multiphase Model*Frame1*Frame2(Phases)*Table1*Frame1*Table1*Frame2(Phase Setup)*Frame2*Table2*Table1*DropDownList1(Phase Material)")
(cx-gui-do cx-set-toggle-button2 "Multiphase Model*Frame1*Frame2(Phases)*Table1*Frame1*Table1*Frame2(Phase Setup)*Frame2*Table4*CheckButton4(Granular)" #t)
(cx-gui-do cx-activate-item "Multiphase Model*Frame1*Frame2(Phases)*Table1*Frame1*Table1*Frame2(Phase Setup)*Frame2*Table4*CheckButton4(Granular)")
(cx-gui-do cx-set-real-entry-list "Multiphase Model*RealEntry58" '( 0.00035))
(cx-gui-do cx-set-list-selections "Multiphase Model*Frame1*Frame2(Phases)*Table1*Frame1*Table1*Frame2(Phase Setup)*Frame2*Frame7*Table1(Granular Properties)*DropDownList1(Granular Viscosity)" '( 0))
(cx-gui-do cx-activate-item "Multiphase Model*Frame1*Frame2(Phases)*Table1*Frame1*Table1*Frame2(Phase Setup)*Frame2*Frame7*Table1(Granular Properties)*DropDownList1(Granular Viscosity)")
(cx-gui-do cx-set-list-selections "Multiphase Model*Frame1*Frame2(Phases)*Table1*Frame1*Table1*Frame2(Phase Setup)*Frame2*Frame7*Table1(Granular Properties)*DropDownList1(Granular Viscosity)" '( 1))
(cx-gui-do cx-activate-item "Multiphase Model*Frame1*Frame2(Phases)*Table1*Frame1*Table1*Frame2(Phase Setup)*Frame2*Frame7*Table1(Granular Properties)*DropDownList1(Granular Viscosity)")
(cx-gui-do cx-set-list-selections "Multiphase Model*Frame1*Frame2(Phases)*Table1*Frame1*Table1*Frame2(Phase Setup)*Frame2*Frame7*Table1(Granular Properties)*DropDownList2(Granular Bulk Viscosity)" '( 1))
(cx-gui-do cx-activate-item "Multiphase Model*Frame1*Frame2(Phases)*Table1*Frame1*Table1*Frame2(Phase Setup)*Frame2*Frame7*Table1(Granular Properties)*DropDownList2(Granular Bulk Viscosity)")
(cx-gui-do cx-set-list-selections "Multiphase Model*Frame1*Frame2(Phases)*Table1*Frame1*Table1*Frame2(Phase Setup)*Frame2*Frame7*Table1(Granular Properties)*DropDownList6(Frictional Viscosity)" '( 2))
(cx-gui-do cx-activate-item "Multiphase Model*Frame1*Frame2(Phases)*Table1*Frame1*Table1*Frame2(Phase Setup)*Frame2*Frame7*Table1(Granular Properties)*DropDownList6(Frictional Viscosity)")
(cx-gui-do cx-activate-item "Multiphase Model*PanelButtons*PushButton1(OK)")
(cx-gui-do cx-set-list-tree-selections "NavigationPane*Frame2*Table1*List_Tree2" (list "Setup|Materials|Fluid|air"))
(cx-gui-do cx-set-list-tree-selections "NavigationPane*Frame2*Table1*List_Tree2" (list "Setup|Materials|Fluid|air"))
(cx-gui-do cx-list-tree-right-click "NavigationPane*Frame2*Table1*List_Tree2" )
(cx-gui-do cx-activate-item "MenuBar*PopupMenuTree-air*Copy...")
(cx-gui-do cx-set-text-entry "Create/Edit Materials*Table1*Frame1*Table1*TextEntry1(Name)" "sio2")
(cx-gui-do cx-activate-item "Create/Edit Materials*Table1*Frame1*Frame2*ButtonBox2*PushButton1(Fluent Database)")
(cx-gui-do cx-set-list-selections "Fluent Database Materials*Table1*Frame1*Frame3*DropDownList1(Material Type)" '( 2))
(cx-gui-do cx-activate-item "Fluent Database Materials*Table1*Frame1*Frame3*DropDownList1(Material Type)")
(cx-gui-do cx-activate-item "Fluent Database Materials*PanelButtons*PushButton1(Close)")
(cx-gui-do cx-set-real-entry-list "Create/Edit Materials*RealEntry10" '( 2200))
(cx-gui-do cx-set-real-entry-list "Create/Edit Materials*RealEntry12" '( 2200))
(cx-gui-do cx-set-real-entry-list "Create/Edit Materials*RealEntry14" '( 10))
(cx-gui-do cx-set-real-entry-list "Create/Edit Materials*RealEntry16" '( 1.8e-05))
(cx-gui-do cx-set-real-entry-list "Create/Edit Materials*RealEntry30" '( 2020))
(cx-gui-do cx-activate-item "Create/Edit Materials*PanelButtons*PushButton3(Change/Create)")
(cx-gui-do cx-activate-item "Question*OK")
(cx-gui-do cx-activate-item "Create/Edit Materials*PanelButtons*PushButton1(Close)")
(cx-gui-do cx-set-list-selections "Multiphase Model*Frame1*Frame2(Phases)*Table1*Frame1*Table1*Frame1(Phases)*List1" '( 2))
(cx-gui-do cx-activate-item "Multiphase Model*Frame1*Frame2(Phases)*Table1*Frame1*Table1*Frame1(Phases)*List1")
(cx-gui-do cx-set-list-selections "Multiphase Model*Frame1*Frame2(Phases)*Table1*Frame1*Table1*Frame2(Phase Setup)*Frame3*Table2*Table1*DropDownList1(Phase Material)" '( 0))
(cx-gui-do cx-activate-item "Multiphase Model*Frame1*Frame2(Phases)*Table1*Frame1*Table1*Frame2(Phase Setup)*Frame3*Table2*Table1*DropDownList1(Phase Material)")
(cx-gui-do cx-set-text-entry "Multiphase Model*Frame1*Frame2(Phases)*Table1*Frame1*Table1*Frame2(Phase Setup)*Frame3*Table1*TextEntry2(Name)" "quartz")
(cx-gui-do cx-set-toggle-button2 "Multiphase Model*Frame1*Frame2(Phases)*Table1*Frame1*Table1*Frame2(Phase Setup)*Frame3*Table4*CheckButton4(Granular)" #t)
(cx-gui-do cx-activate-item "Multiphase Model*Frame1*Frame2(Phases)*Table1*Frame1*Table1*Frame2(Phase Setup)*Frame3*Table4*CheckButton4(Granular)")
(cx-gui-do cx-set-real-entry-list "Multiphase Model*RealEntry108" '( 0.00035))
(cx-gui-do cx-set-list-selections "Multiphase Model*Frame1*Frame2(Phases)*Table1*Frame1*Table1*Frame2(Phase Setup)*Frame3*Frame7*Table1(Granular Properties)*DropDownList1(Granular Viscosity)" '( 1))
(cx-gui-do cx-activate-item "Multiphase Model*Frame1*Frame2(Phases)*Table1*Frame1*Table1*Frame2(Phase Setup)*Frame3*Frame7*Table1(Granular Properties)*DropDownList1(Granular Viscosity)")
(cx-gui-do cx-set-list-selections "Multiphase Model*Frame1*Frame2(Phases)*Table1*Frame1*Table1*Frame2(Phase Setup)*Frame3*Frame7*Table1(Granular Properties)*DropDownList2(Granular Bulk Viscosity)" '( 1))
(cx-gui-do cx-activate-item "Multiphase Model*Frame1*Frame2(Phases)*Table1*Frame1*Table1*Frame2(Phase Setup)*Frame3*Frame7*Table1(Granular Properties)*DropDownList2(Granular Bulk Viscosity)")

(cx-gui-do cx-set-list-selections "Multiphase Model*Frame1*Frame2(Phases)*Table1*Frame1*Table1*Frame2(Phase Setup)*Frame3*Frame7*Table1(Granular Properties)*DropDownList6(Frictional Viscosity)" '( 2))
(cx-gui-do cx-activate-item "Multiphase Model*Frame1*Frame2(Phases)*Table1*Frame1*Table1*Frame2(Phase Setup)*Frame3*Frame7*Table1(Granular Properties)*DropDownList6(Frictional Viscosity)")
(cx-gui-do cx-activate-item "Multiphase Model*PanelButtons*PushButton1(OK)")
(cx-gui-do cx-activate-item "Messages*PanelButtons*PushButton1(Close)")
(cx-gui-do cx-activate-item "Multiphase Model*PanelButtons*PushButton1(OK)")
(cx-gui-do cx-activate-item "Multiphase Model*PanelButtons*PushButton2(Cancel)")
(cx-gui-do cx-set-list-tree-selections "NavigationPane*Frame2*Table1*List_Tree2" (list "Setup|Models|Multiphase (Eulerian)"))
(cx-gui-do cx-set-list-tree-selections "NavigationPane*Frame2*Table1*List_Tree2" (list "Setup|Models|Multiphase (Eulerian)"))
(cx-gui-do cx-activate-item "NavigationPane*Frame2*Table1*List_Tree2")
(cx-gui-do cx-activate-tab-index "Multiphase Model*Frame1" 2)
(cx-gui-do cx-set-list-selections "Multiphase Model*Frame1*Frame3(Phase Interaction)*Table1*Table1*Frame1*Frame2*Frame1*Frame2(Forces)*Table1*Frame1(Phase Pairs)*List1" '( 1))
(cx-gui-do cx-activate-item "Multiphase Model*Frame1*Frame3(Phase Interaction)*Table1*Table1*Frame1*Frame2*Frame1*Frame2(Forces)*Table1*Frame1(Phase Pairs)*List1")
(cx-gui-do cx-set-list-selections "Multiphase Model*Frame1*Frame3(Phase Interaction)*Table1*Table1*Frame1*Frame2*Frame1*Frame2(Forces)*Table1*Frame1(Phase Pairs)*List1" '( 2))
(cx-gui-do cx-activate-item "Multiphase Model*Frame1*Frame3(Phase Interaction)*Table1*Table1*Frame1*Frame2*Frame1*Frame2(Forces)*Table1*Frame1(Phase Pairs)*List1")
(cx-gui-do cx-set-list-selections "Multiphase Model*Frame1*Frame3(Phase Interaction)*Table1*Table1*Frame1*Frame2*Frame1*Frame2(Forces)*Table1*Frame1(Phase Pairs)*List1" '( 3))
(cx-gui-do cx-activate-item "Multiphase Model*Frame1*Frame3(Phase Interaction)*Table1*Table1*Frame1*Frame2*Frame1*Frame2(Forces)*Table1*Frame1(Phase Pairs)*List1")
(cx-gui-do cx-set-list-selections "Multiphase Model*Frame1*Frame3(Phase Interaction)*Table1*Table1*Frame1*Frame2*Frame1*Frame2(Forces)*Table1*Frame1(Phase Pairs)*List1" '( 4))
(cx-gui-do cx-activate-item "Multiphase Model*Frame1*Frame3(Phase Interaction)*Table1*Table1*Frame1*Frame2*Frame1*Frame2(Forces)*Table1*Frame1(Phase Pairs)*List1")
(cx-gui-do cx-set-list-selections "Multiphase Model*Frame1*Frame3(Phase Interaction)*Table1*Table1*Frame1*Frame2*Frame1*Frame2(Forces)*Table1*Frame1(Phase Pairs)*List1" '( 3))
(cx-gui-do cx-activate-item "Multiphase Model*Frame1*Frame3(Phase Interaction)*Table1*Table1*Frame1*Frame2*Frame1*Frame2(Forces)*Table1*Frame1(Phase Pairs)*List1")
(cx-gui-do cx-activate-tab-index "Multiphase Model*Frame1*Frame3(Phase Interaction)*Table1*Table1*Frame1*Frame2*Frame1" 1)
(cx-gui-do cx-activate-tab-index "Multiphase Model*Frame1*Frame3(Phase Interaction)*Table1*Table1*Frame1*Frame2*Frame1*Frame3(Heat, Mass, Reactions)" 1)
(cx-gui-do cx-set-list-selections "Multiphase Model*Frame1*Frame3(Phase Interaction)*Table1*Table1*Frame1*Frame2*Frame1*Frame3(Heat, Mass, Reactions)*Frame2(Heat)*Table1(Heat Transfer Coefficient)*DropDownList3(Heat Transfer Coefficient)" '( 1))
(cx-gui-do cx-activate-item "Multiphase Model*Frame1*Frame3(Phase Interaction)*Table1*Table1*Frame1*Frame2*Frame1*Frame3(Heat, Mass, Reactions)*Frame2(Heat)*Table1(Heat Transfer Coefficient)*DropDownList3(Heat Transfer Coefficient)")
(cx-gui-do cx-set-list-selections "Multiphase Model*Frame1*Frame3(Phase Interaction)*Table1*Table1*Frame1*Frame2*Frame1*Frame3(Heat, Mass, Reactions)*Frame2(Heat)*Table1(Heat Transfer Coefficient)*DropDownList6(Heat Transfer Coefficient)" '( 1))
(cx-gui-do cx-activate-item "Multiphase Model*Frame1*Frame3(Phase Interaction)*Table1*Table1*Frame1*Frame2*Frame1*Frame3(Heat, Mass, Reactions)*Frame2(Heat)*Table1(Heat Transfer Coefficient)*DropDownList6(Heat Transfer Coefficient)")
(cx-gui-do cx-activate-tab-index "Multiphase Model*Frame1*Frame3(Phase Interaction)*Table1*Table1*Frame1*Frame2*Frame1*Frame3(Heat, Mass, Reactions)" 2)
(cx-gui-do cx-set-integer-entry "Multiphase Model*Frame1*Frame3(Phase Interaction)*Table1*Table1*Frame1*Frame2*Frame1*Frame3(Heat, Mass, Reactions)*Frame3(Reactions)*Frame1*IntegerEntry1(Total Number of Heterogeneous Reactions)" 1)
(cx-gui-do cx-activate-item "Multiphase Model*Frame1*Frame3(Phase Interaction)*Table1*Table1*Frame1*Frame2*Frame1*Frame3(Heat, Mass, Reactions)*Frame3(Reactions)*Frame1*IntegerEntry1(Total Number of Heterogeneous Reactions)")
(cx-gui-do cx-set-list-selections "Multiphase Model*Frame1*Frame3(Phase Interaction)*Table1*Table1*Frame1*Frame2*Frame1*Frame3(Heat, Mass, Reactions)*Frame3(Reactions)*Frame1*Table3*Table2*DropDownList2(Reaction Rate Function)" '( 0))
(cx-gui-do cx-activate-item "Multiphase Model*Frame1*Frame3(Phase Interaction)*Table1*Table1*Frame1*Frame2*Frame1*Frame3(Heat, Mass, Reactions)*Frame3(Reactions)*Frame1*Table3*Table2*DropDownList2(Reaction Rate Function)")
(cx-gui-do cx-set-integer-entry "Multiphase Model*Frame1*Frame3(Phase Interaction)*Table1*Table1*Frame1*Frame2*Frame1*Frame3(Heat, Mass, Reactions)*Frame3(Reactions)*Frame1*IntegerEntry1(Total Number of Heterogeneous Reactions)" 2)
(cx-gui-do cx-activate-item "Multiphase Model*Frame1*Frame3(Phase Interaction)*Table1*Table1*Frame1*Frame2*Frame1*Frame3(Heat, Mass, Reactions)*Frame3(Reactions)*Frame1*IntegerEntry1(Total Number of Heterogeneous Reactions)")
(cx-gui-do cx-set-integer-entry "Multiphase Model*Frame1*Frame3(Phase Interaction)*Table1*Table1*Frame1*Frame2*Frame1*Frame3(Heat, Mass, Reactions)*Frame3(Reactions)*Frame1*IntegerEntry1(Total Number of Heterogeneous Reactions)" 3)
(cx-gui-do cx-activate-item "Multiphase Model*Frame1*Frame3(Phase Interaction)*Table1*Table1*Frame1*Frame2*Frame1*Frame3(Heat, Mass, Reactions)*Frame3(Reactions)*Frame1*IntegerEntry1(Total Number of Heterogeneous Reactions)")
(cx-gui-do cx-set-integer-entry "Multiphase Model*Frame1*Frame3(Phase Interaction)*Table1*Table1*Frame1*Frame2*Frame1*Frame3(Heat, Mass, Reactions)*Frame3(Reactions)*Frame1*Table3*Table2*Table1*IntegerEntry1(Number of Reactants)" 2)
(cx-gui-do cx-activate-item "Multiphase Model*Frame1*Frame3(Phase Interaction)*Table1*Table1*Frame1*Frame2*Frame1*Frame3(Heat, Mass, Reactions)*Frame3(Reactions)*Frame1*Table3*Table2*Table1*IntegerEntry1(Number of Reactants)")
(cx-gui-do cx-set-integer-entry "Multiphase Model*Frame1*Frame3(Phase Interaction)*Table1*Table1*Frame1*Frame2*Frame1*Frame3(Heat, Mass, Reactions)*Frame3(Reactions)*Frame1*Table3*Table2*Table1*IntegerEntry2(Number of Products)" 2)
(cx-gui-do cx-activate-item "Multiphase Model*Frame1*Frame3(Phase Interaction)*Table1*Table1*Frame1*Frame2*Frame1*Frame3(Heat, Mass, Reactions)*Frame3(Reactions)*Frame1*Table3*Table2*Table1*IntegerEntry2(Number of Products)")
(cx-gui-do cx-set-list-selections "Multiphase Model*Frame1*Frame3(Phase Interaction)*Table1*Table1*Frame1*Frame2*Frame1*Frame3(Heat, Mass, Reactions)*Frame3(Reactions)*Frame1*Table3*Table2*Table1*Table3*DropDownList6" '( 2))
(cx-gui-do cx-activate-item "Multiphase Model*Frame1*Frame3(Phase Interaction)*Table1*Table1*Frame1*Frame2*Frame1*Frame3(Heat, Mass, Reactions)*Frame3(Reactions)*Frame1*Table3*Table2*Table1*Table3*DropDownList6")
(cx-gui-do cx-set-list-selections "Multiphase Model*Frame1*Frame3(Phase Interaction)*Table1*Table1*Frame1*Frame2*Frame1*Frame3(Heat, Mass, Reactions)*Frame3(Reactions)*Frame1*Table3*Table2*Table1*Table3*DropDownList9" '( 1))
(cx-gui-do cx-activate-item "Multiphase Model*Frame1*Frame3(Phase Interaction)*Table1*Table1*Frame1*Frame2*Frame1*Frame3(Heat, Mass, Reactions)*Frame3(Reactions)*Frame1*Table3*Table2*Table1*Table3*DropDownList9")
(cx-gui-do cx-set-list-selections "Multiphase Model*Frame1*Frame3(Phase Interaction)*Table1*Table1*Frame1*Frame2*Frame1*Frame3(Heat, Mass, Reactions)*Frame3(Reactions)*Frame1*Table3*Table2*Table1*Table3*DropDownList10" '( 3))
(cx-gui-do cx-activate-item "Multiphase Model*Frame1*Frame3(Phase Interaction)*Table1*Table1*Frame1*Frame2*Frame1*Frame3(Heat, Mass, Reactions)*Frame3(Reactions)*Frame1*Table3*Table2*Table1*Table3*DropDownList10")
(cx-gui-do cx-set-list-tree-selections "NavigationPane*Frame2*Table1*List_Tree2" (list "Setup|Materials|Mixture|gas"))
(cx-gui-do cx-set-list-tree-selections "NavigationPane*Frame2*Table1*List_Tree2" (list "Setup|Materials|Mixture|gas"))
(cx-gui-do cx-activate-item "NavigationPane*Frame2*Table1*List_Tree2")
(cx-gui-do cx-set-list-tree-selections "NavigationPane*Frame2*Table1*List_Tree2" (list "Setup|Materials|Mixture|gas"))
(cx-gui-do cx-activate-item "Create/Edit Materials*PushButton3(Edit)")
(cx-gui-do cx-set-list-selections "Species*Table2*List1(Available Materials)" '( 6))
(cx-gui-do cx-activate-item "Species*Table2*List1(Available Materials)")
(cx-gui-do cx-activate-item "Species*Table2*Frame2*ButtonBox2*PushButton1(Add)")
(cx-gui-do cx-set-list-selections "Species*Table2*Frame2*List1(Selected Species)" '( 4))
(cx-gui-do cx-activate-item "Species*Table2*Frame2*List1(Selected Species)")
(cx-gui-do cx-set-list-selections "Species*Table2*Frame2*List1(Selected Species)" '( 3))
(cx-gui-do cx-activate-item "Species*Table2*Frame2*List1(Selected Species)")
(cx-gui-do cx-activate-item "Species*Table2*Frame2*ButtonBox2*PushButton3(Last Species)")
(cx-gui-do cx-activate-item "Species*PanelButtons*PushButton1(OK)")
(cx-gui-do cx-activate-item "Warning*OK")
(cx-gui-do cx-activate-item "Create/Edit Materials*PanelButtons*PushButton1(Close)")
(cx-gui-do cx-set-integer-entry "Multiphase Model*Frame1*Frame3(Phase Interaction)*Table1*Table1*Frame1*Frame2*Frame1*Frame3(Heat, Mass, Reactions)*Frame3(Reactions)*Frame1*IntegerEntry1(Total Number of Heterogeneous Reactions)" 1)
(cx-gui-do cx-activate-item "Multiphase Model*Frame1*Frame3(Phase Interaction)*Table1*Table1*Frame1*Frame2*Frame1*Frame3(Heat, Mass, Reactions)*Frame3(Reactions)*Frame1*IntegerEntry1(Total Number of Heterogeneous Reactions)")
(cx-gui-do cx-set-integer-entry "Multiphase Model*Frame1*Frame3(Phase Interaction)*Table1*Table1*Frame1*Frame2*Frame1*Frame3(Heat, Mass, Reactions)*Frame3(Reactions)*Frame1*IntegerEntry1(Total Number of Heterogeneous Reactions)" 2)
(cx-gui-do cx-activate-item "Multiphase Model*Frame1*Frame3(Phase Interaction)*Table1*Table1*Frame1*Frame2*Frame1*Frame3(Heat, Mass, Reactions)*Frame3(Reactions)*Frame1*IntegerEntry1(Total Number of Heterogeneous Reactions)")
(cx-gui-do cx-set-integer-entry "Multiphase Model*Frame1*Frame3(Phase Interaction)*Table1*Table1*Frame1*Frame2*Frame1*Frame3(Heat, Mass, Reactions)*Frame3(Reactions)*Frame1*IntegerEntry1(Total Number of Heterogeneous Reactions)" 3)
(cx-gui-do cx-activate-item "Multiphase Model*Frame1*Frame3(Phase Interaction)*Table1*Table1*Frame1*Frame2*Frame1*Frame3(Heat, Mass, Reactions)*Frame3(Reactions)*Frame1*IntegerEntry1(Total Number of Heterogeneous Reactions)")
(cx-gui-do cx-set-integer-entry "Multiphase Model*Frame1*Frame3(Phase Interaction)*Table1*Table1*Frame1*Frame2*Frame1*Frame3(Heat, Mass, Reactions)*Frame3(Reactions)*Frame1*Table3*Table2*Table1*IntegerEntry1(Number of Reactants)" 2)
(cx-gui-do cx-activate-item "Multiphase Model*Frame1*Frame3(Phase Interaction)*Table1*Table1*Frame1*Frame2*Frame1*Frame3(Heat, Mass, Reactions)*Frame3(Reactions)*Frame1*Table3*Table2*Table1*IntegerEntry1(Number of Reactants)")
(cx-gui-do cx-set-list-selections "Multiphase Model*Frame1*Frame3(Phase Interaction)*Table1*Table1*Frame1*Frame2*Frame1*Frame3(Heat, Mass, Reactions)*Frame3(Reactions)*Frame1*Table3*Table2*Table1*Table3*DropDownList6" '( 2))
(cx-gui-do cx-activate-item "Multiphase Model*Frame1*Frame3(Phase Interaction)*Table1*Table1*Frame1*Frame2*Frame1*Frame3(Heat, Mass, Reactions)*Frame3(Reactions)*Frame1*Table3*Table2*Table1*Table3*DropDownList6")
(cx-gui-do cx-set-integer-entry "Multiphase Model*Frame1*Frame3(Phase Interaction)*Table1*Table1*Frame1*Frame2*Frame1*Frame3(Heat, Mass, Reactions)*Frame3(Reactions)*Frame1*Table3*Table2*Table1*IntegerEntry2(Number of Products)" 2)
(cx-gui-do cx-activate-item "Multiphase Model*Frame1*Frame3(Phase Interaction)*Table1*Table1*Frame1*Frame2*Frame1*Frame3(Heat, Mass, Reactions)*Frame3(Reactions)*Frame1*Table3*Table2*Table1*IntegerEntry2(Number of Products)")
(cx-gui-do cx-set-list-selections "Multiphase Model*Frame1*Frame3(Phase Interaction)*Table1*Table1*Frame1*Frame2*Frame1*Frame3(Heat, Mass, Reactions)*Frame3(Reactions)*Frame1*Table3*Table2*Table1*Table4*DropDownList6" '( 3))
(cx-gui-do cx-activate-item "Multiphase Model*Frame1*Frame3(Phase Interaction)*Table1*Table1*Frame1*Frame2*Frame1*Frame3(Heat, Mass, Reactions)*Frame3(Reactions)*Frame1*Table3*Table2*Table1*Table4*DropDownList6")
(cx-gui-do cx-set-list-selections "Multiphase Model*Frame1*Frame3(Phase Interaction)*Table1*Table1*Frame1*Frame2*Frame1*Frame3(Heat, Mass, Reactions)*Frame3(Reactions)*Frame1*Table3*Table2*Table1*Table4*DropDownList9" '( 1))
(cx-gui-do cx-activate-item "Multiphase Model*Frame1*Frame3(Phase Interaction)*Table1*Table1*Frame1*Frame2*Frame1*Frame3(Heat, Mass, Reactions)*Frame3(Reactions)*Frame1*Table3*Table2*Table1*Table4*DropDownList9")
(cx-gui-do cx-set-list-selections "Multiphase Model*Frame1*Frame3(Phase Interaction)*Table1*Table1*Frame1*Frame2*Frame1*Frame3(Heat, Mass, Reactions)*Frame3(Reactions)*Frame1*Table3*Table2*Table1*Table4*DropDownList10" '( 2))
(cx-gui-do cx-activate-item "Multiphase Model*Frame1*Frame3(Phase Interaction)*Table1*Table1*Frame1*Frame2*Frame1*Frame3(Heat, Mass, Reactions)*Frame3(Reactions)*Frame1*Table3*Table2*Table1*Table4*DropDownList10")
(cx-gui-do cx-set-list-selections "Multiphase Model*Frame1*Frame3(Phase Interaction)*Table1*Table1*Frame1*Frame2*Frame1*Frame3(Heat, Mass, Reactions)*Frame3(Reactions)*Frame1*Table3*Table2*DropDownList2(Reaction Rate Function)" '( 0))
(cx-gui-do cx-activate-item "Multiphase Model*Frame1*Frame3(Phase Interaction)*Table1*Table1*Frame1*Frame2*Frame1*Frame3(Heat, Mass, Reactions)*Frame3(Reactions)*Frame1*Table3*Table2*DropDownList2(Reaction Rate Function)")
(cx-gui-do cx-set-real-entry-list "Multiphase Model*Frame1*Frame3(Phase Interaction)*Table1*Table1*Frame1*Frame2*Frame1*Frame3(Heat, Mass, Reactions)*Frame3(Reactions)*Frame1*Table3*Table2*Table1*Table3*RealEntry7" '( 1))
(cx-gui-do cx-set-real-entry-list "Multiphase Model*Frame1*Frame3(Phase Interaction)*Table1*Table1*Frame1*Frame2*Frame1*Frame3(Heat, Mass, Reactions)*Frame3(Reactions)*Frame1*Table3*Table2*Table1*Table3*RealEntry11" '( 3))
(cx-gui-do cx-set-real-entry-list "Multiphase Model*Frame1*Frame3(Phase Interaction)*Table1*Table1*Frame1*Frame2*Frame1*Frame3(Heat, Mass, Reactions)*Frame3(Reactions)*Frame1*Table3*Table2*Table1*Table4*RealEntry11" '( 2))
(cx-gui-do cx-set-real-entry-list "Multiphase Model*Frame1*Frame3(Phase Interaction)*Table1*Table1*Frame1*Frame2*Frame1*Frame3(Heat, Mass, Reactions)*Frame3(Reactions)*Frame1*Table3*Table2*Table1*Table4*RealEntry7" '( 1))
(cx-gui-do cx-set-real-entry-list "Multiphase Model*Frame1*Frame3(Phase Interaction)*Table1*Table1*Frame1*Frame2*Frame1*Frame3(Heat, Mass, Reactions)*Frame3(Reactions)*Frame1*Table3*Table2*Table3(Arrhenius Rate Parameters)*RealEntry4(Pre-Exponential Factor)" '( 6.92))
(cx-gui-do cx-set-real-entry-list "Multiphase Model*Frame1*Frame3(Phase Interaction)*Table1*Table1*Frame1*Frame2*Frame1*Frame3(Heat, Mass, Reactions)*Frame3(Reactions)*Frame1*Table3*Table2*Table3(Arrhenius Rate Parameters)*RealEntry5(Activation      Energy)" '( 63300))
(cx-gui-do cx-set-real-entry-list "Multiphase Model*Frame1*Frame3(Phase Interaction)*Table1*Table1*Frame1*Frame2*Frame1*Frame3(Heat, Mass, Reactions)*Frame3(Reactions)*Frame1*Table3*Table2*Table3(Arrhenius Rate Parameters)*RealEntry8(Kick-off Temperature)" '( 773))
(cx-gui-do cx-set-integer-entry "Multiphase Model*Frame1*Frame3(Phase Interaction)*Table1*Table1*Frame1*Frame2*Frame1*Frame3(Heat, Mass, Reactions)*Frame3(Reactions)*Frame1*Table3*Table1*IntegerEntry2(ID)" 2)
(cx-gui-do cx-activate-item "Multiphase Model*Frame1*Frame3(Phase Interaction)*Table1*Table1*Frame1*Frame2*Frame1*Frame3(Heat, Mass, Reactions)*Frame3(Reactions)*Frame1*Table3*Table1*IntegerEntry2(ID)")
(cx-gui-do cx-set-integer-entry "Multiphase Model*Frame1*Frame3(Phase Interaction)*Table1*Table1*Frame1*Frame2*Frame1*Frame3(Heat, Mass, Reactions)*Frame3(Reactions)*Frame1*Table3*Table2*Table1*IntegerEntry1(Number of Reactants)" 2)
(cx-gui-do cx-activate-item "Multiphase Model*Frame1*Frame3(Phase Interaction)*Table1*Table1*Frame1*Frame2*Frame1*Frame3(Heat, Mass, Reactions)*Frame3(Reactions)*Frame1*Table3*Table2*Table1*IntegerEntry1(Number of Reactants)")
(cx-gui-do cx-set-list-selections "Multiphase Model*Frame1*Frame3(Phase Interaction)*Table1*Table1*Frame1*Frame2*Frame1*Frame3(Heat, Mass, Reactions)*Frame3(Reactions)*Frame1*Table3*Table2*Table1*Table3*DropDownList6" '( 2))
(cx-gui-do cx-activate-item "Multiphase Model*Frame1*Frame3(Phase Interaction)*Table1*Table1*Frame1*Frame2*Frame1*Frame3(Heat, Mass, Reactions)*Frame3(Reactions)*Frame1*Table3*Table2*Table1*Table3*DropDownList6")
(cx-gui-do cx-set-list-selections "Multiphase Model*Frame1*Frame3(Phase Interaction)*Table1*Table1*Frame1*Frame2*Frame1*Frame3(Heat, Mass, Reactions)*Frame3(Reactions)*Frame1*Table3*Table2*Table1*Table3*DropDownList10" '( 2))
(cx-gui-do cx-activate-item "Multiphase Model*Frame1*Frame3(Phase Interaction)*Table1*Table1*Frame1*Frame2*Frame1*Frame3(Heat, Mass, Reactions)*Frame3(Reactions)*Frame1*Table3*Table2*Table1*Table3*DropDownList10")
(cx-gui-do cx-set-integer-entry "Multiphase Model*Frame1*Frame3(Phase Interaction)*Table1*Table1*Frame1*Frame2*Frame1*Frame3(Heat, Mass, Reactions)*Frame3(Reactions)*Frame1*Table3*Table2*Table1*IntegerEntry2(Number of Products)" 2)
(cx-gui-do cx-activate-item "Multiphase Model*Frame1*Frame3(Phase Interaction)*Table1*Table1*Frame1*Frame2*Frame1*Frame3(Heat, Mass, Reactions)*Frame3(Reactions)*Frame1*Table3*Table2*Table1*IntegerEntry2(Number of Products)")
(cx-gui-do cx-set-list-selections "Multiphase Model*Frame1*Frame3(Phase Interaction)*Table1*Table1*Frame1*Frame2*Frame1*Frame3(Heat, Mass, Reactions)*Frame3(Reactions)*Frame1*Table3*Table2*Table1*Table4*DropDownList6" '( 3))
(cx-gui-do cx-activate-item "Multiphase Model*Frame1*Frame3(Phase Interaction)*Table1*Table1*Frame1*Frame2*Frame1*Frame3(Heat, Mass, Reactions)*Frame3(Reactions)*Frame1*Table3*Table2*Table1*Table4*DropDownList6")
(cx-gui-do cx-set-list-selections "Multiphase Model*Frame1*Frame3(Phase Interaction)*Table1*Table1*Frame1*Frame2*Frame1*Frame3(Heat, Mass, Reactions)*Frame3(Reactions)*Frame1*Table3*Table2*Table1*Table4*DropDownList10" '( 0))
(cx-gui-do cx-activate-item "Multiphase Model*Frame1*Frame3(Phase Interaction)*Table1*Table1*Frame1*Frame2*Frame1*Frame3(Heat, Mass, Reactions)*Frame3(Reactions)*Frame1*Table3*Table2*Table1*Table4*DropDownList10")
(cx-gui-do cx-set-list-selections "Multiphase Model*Frame1*Frame3(Phase Interaction)*Table1*Table1*Frame1*Frame2*Frame1*Frame3(Heat, Mass, Reactions)*Frame3(Reactions)*Frame1*Table3*Table2*DropDownList2(Reaction Rate Function)" '( 0))
(cx-gui-do cx-activate-item "Multiphase Model*Frame1*Frame3(Phase Interaction)*Table1*Table1*Frame1*Frame2*Frame1*Frame3(Heat, Mass, Reactions)*Frame3(Reactions)*Frame1*Table3*Table2*DropDownList2(Reaction Rate Function)")
(cx-gui-do cx-set-real-entry-list "Multiphase Model*Frame1*Frame3(Phase Interaction)*Table1*Table1*Frame1*Frame2*Frame1*Frame3(Heat, Mass, Reactions)*Frame3(Reactions)*Frame1*Table3*Table2*Table1*Table3*RealEntry7" '( 1))
(cx-gui-do cx-set-real-entry-list "Multiphase Model*Frame1*Frame3(Phase Interaction)*Table1*Table1*Frame1*Frame2*Frame1*Frame3(Heat, Mass, Reactions)*Frame3(Reactions)*Frame1*Table3*Table2*Table1*Table3*RealEntry11" '( 1))
(cx-gui-do cx-set-real-entry-list "Multiphase Model*Frame1*Frame3(Phase Interaction)*Table1*Table1*Frame1*Frame2*Frame1*Frame3(Heat, Mass, Reactions)*Frame3(Reactions)*Frame1*Table3*Table2*Table1*Table4*RealEntry7" '( 1))
(cx-gui-do cx-set-real-entry-list "Multiphase Model*Frame1*Frame3(Phase Interaction)*Table1*Table1*Frame1*Frame2*Frame1*Frame3(Heat, Mass, Reactions)*Frame3(Reactions)*Frame1*Table3*Table2*Table1*Table4*RealEntry11" '( 3))
(cx-gui-do cx-set-real-entry-list "Multiphase Model*Frame1*Frame3(Phase Interaction)*Table1*Table1*Frame1*Frame2*Frame1*Frame3(Heat, Mass, Reactions)*Frame3(Reactions)*Frame1*Table3*Table2*Table3(Arrhenius Rate Parameters)*RealEntry4(Pre-Exponential Factor)" '( 8.84))
(cx-gui-do cx-set-real-entry-list "Multiphase Model*Frame1*Frame3(Phase Interaction)*Table1*Table1*Frame1*Frame2*Frame1*Frame3(Heat, Mass, Reactions)*Frame3(Reactions)*Frame1*Table3*Table2*Table3(Arrhenius Rate Parameters)*RealEntry5(Activation      Energy)" '( 70800))
(cx-gui-do cx-set-real-entry-list "Multiphase Model*Frame1*Frame3(Phase Interaction)*Table1*Table1*Frame1*Frame2*Frame1*Frame3(Heat, Mass, Reactions)*Frame3(Reactions)*Frame1*Table3*Table2*Table3(Arrhenius Rate Parameters)*RealEntry8(Kick-off Temperature)" '( 773))
(cx-gui-do cx-set-integer-entry "Multiphase Model*Frame1*Frame3(Phase Interaction)*Table1*Table1*Frame1*Frame2*Frame1*Frame3(Heat, Mass, Reactions)*Frame3(Reactions)*Frame1*Table3*Table1*IntegerEntry2(ID)" 1)
(cx-gui-do cx-activate-item "Multiphase Model*Frame1*Frame3(Phase Interaction)*Table1*Table1*Frame1*Frame2*Frame1*Frame3(Heat, Mass, Reactions)*Frame3(Reactions)*Frame1*Table3*Table1*IntegerEntry2(ID)")
(cx-gui-do cx-set-integer-entry "Multiphase Model*Frame1*Frame3(Phase Interaction)*Table1*Table1*Frame1*Frame2*Frame1*Frame3(Heat, Mass, Reactions)*Frame3(Reactions)*Frame1*Table3*Table1*IntegerEntry2(ID)" 2)
(cx-gui-do cx-activate-item "Multiphase Model*Frame1*Frame3(Phase Interaction)*Table1*Table1*Frame1*Frame2*Frame1*Frame3(Heat, Mass, Reactions)*Frame3(Reactions)*Frame1*Table3*Table1*IntegerEntry2(ID)")
(cx-gui-do cx-set-integer-entry "Multiphase Model*Frame1*Frame3(Phase Interaction)*Table1*Table1*Frame1*Frame2*Frame1*Frame3(Heat, Mass, Reactions)*Frame3(Reactions)*Frame1*Table3*Table1*IntegerEntry2(ID)" 3)
(cx-gui-do cx-activate-item "Multiphase Model*Frame1*Frame3(Phase Interaction)*Table1*Table1*Frame1*Frame2*Frame1*Frame3(Heat, Mass, Reactions)*Frame3(Reactions)*Frame1*Table3*Table1*IntegerEntry2(ID)")
(cx-gui-do cx-set-integer-entry "Multiphase Model*Frame1*Frame3(Phase Interaction)*Table1*Table1*Frame1*Frame2*Frame1*Frame3(Heat, Mass, Reactions)*Frame3(Reactions)*Frame1*Table3*Table2*Table1*IntegerEntry1(Number of Reactants)" 2)
(cx-gui-do cx-activate-item "Multiphase Model*Frame1*Frame3(Phase Interaction)*Table1*Table1*Frame1*Frame2*Frame1*Frame3(Heat, Mass, Reactions)*Frame3(Reactions)*Frame1*Table3*Table2*Table1*IntegerEntry1(Number of Reactants)")
(cx-gui-do cx-set-list-selections "Multiphase Model*Frame1*Frame3(Phase Interaction)*Table1*Table1*Frame1*Frame2*Frame1*Frame3(Heat, Mass, Reactions)*Frame3(Reactions)*Frame1*Table3*Table2*Table1*Table3*DropDownList6" '( 2))
(cx-gui-do cx-activate-item "Multiphase Model*Frame1*Frame3(Phase Interaction)*Table1*Table1*Frame1*Frame2*Frame1*Frame3(Heat, Mass, Reactions)*Frame3(Reactions)*Frame1*Table3*Table2*Table1*Table3*DropDownList6")
(cx-gui-do cx-set-list-selections "Multiphase Model*Frame1*Frame3(Phase Interaction)*Table1*Table1*Frame1*Frame2*Frame1*Frame3(Heat, Mass, Reactions)*Frame3(Reactions)*Frame1*Table3*Table2*Table1*Table3*DropDownList10" '( 0))
(cx-gui-do cx-activate-item "Multiphase Model*Frame1*Frame3(Phase Interaction)*Table1*Table1*Frame1*Frame2*Frame1*Frame3(Heat, Mass, Reactions)*Frame3(Reactions)*Frame1*Table3*Table2*Table1*Table3*DropDownList10")
(cx-gui-do cx-set-integer-entry "Multiphase Model*Frame1*Frame3(Phase Interaction)*Table1*Table1*Frame1*Frame2*Frame1*Frame3(Heat, Mass, Reactions)*Frame3(Reactions)*Frame1*Table3*Table2*Table1*IntegerEntry2(Number of Products)" 2)
(cx-gui-do cx-activate-item "Multiphase Model*Frame1*Frame3(Phase Interaction)*Table1*Table1*Frame1*Frame2*Frame1*Frame3(Heat, Mass, Reactions)*Frame3(Reactions)*Frame1*Table3*Table2*Table1*IntegerEntry2(Number of Products)")
(cx-gui-do cx-set-list-selections "Multiphase Model*Frame1*Frame3(Phase Interaction)*Table1*Table1*Frame1*Frame2*Frame1*Frame3(Heat, Mass, Reactions)*Frame3(Reactions)*Frame1*Table3*Table2*Table1*Table4*DropDownList6" '( 3))
(cx-gui-do cx-activate-item "Multiphase Model*Frame1*Frame3(Phase Interaction)*Table1*Table1*Frame1*Frame2*Frame1*Frame3(Heat, Mass, Reactions)*Frame3(Reactions)*Frame1*Table3*Table2*Table1*Table4*DropDownList6")
(cx-gui-do cx-set-list-selections "Multiphase Model*Frame1*Frame3(Phase Interaction)*Table1*Table1*Frame1*Frame2*Frame1*Frame3(Heat, Mass, Reactions)*Frame3(Reactions)*Frame1*Table3*Table2*Table1*Table4*DropDownList10" '( 1))
(cx-gui-do cx-activate-item "Multiphase Model*Frame1*Frame3(Phase Interaction)*Table1*Table1*Frame1*Frame2*Frame1*Frame3(Heat, Mass, Reactions)*Frame3(Reactions)*Frame1*Table3*Table2*Table1*Table4*DropDownList10")
(cx-gui-do cx-set-list-selections "Multiphase Model*Frame1*Frame3(Phase Interaction)*Table1*Table1*Frame1*Frame2*Frame1*Frame3(Heat, Mass, Reactions)*Frame3(Reactions)*Frame1*Table3*Table2*DropDownList2(Reaction Rate Function)" '( 0))
(cx-gui-do cx-activate-item "Multiphase Model*Frame1*Frame3(Phase Interaction)*Table1*Table1*Frame1*Frame2*Frame1*Frame3(Heat, Mass, Reactions)*Frame3(Reactions)*Frame1*Table3*Table2*DropDownList2(Reaction Rate Function)")
(cx-gui-do cx-set-real-entry-list "Multiphase Model*Frame1*Frame3(Phase Interaction)*Table1*Table1*Frame1*Frame2*Frame1*Frame3(Heat, Mass, Reactions)*Frame3(Reactions)*Frame1*Table3*Table2*Table1*Table3*RealEntry7" '( 1))
(cx-gui-do cx-set-real-entry-list "Multiphase Model*Frame1*Frame3(Phase Interaction)*Table1*Table1*Frame1*Frame2*Frame1*Frame3(Heat, Mass, Reactions)*Frame3(Reactions)*Frame1*Table3*Table2*Table1*Table4*RealEntry7" '( 1))
(cx-gui-do cx-set-real-entry-list "Multiphase Model*Frame1*Frame3(Phase Interaction)*Table1*Table1*Frame1*Frame2*Frame1*Frame3(Heat, Mass, Reactions)*Frame3(Reactions)*Frame1*Table3*Table2*Table1*Table4*RealEntry11" '( 1))
(cx-gui-do cx-set-real-entry-list "Multiphase Model*Frame1*Frame3(Phase Interaction)*Table1*Table1*Frame1*Frame2*Frame1*Frame3(Heat, Mass, Reactions)*Frame3(Reactions)*Frame1*Table3*Table2*Table3(Arrhenius Rate Parameters)*RealEntry4(Pre-Exponential Factor)" '( 241))
(cx-gui-do cx-set-real-entry-list "Multiphase Model*Frame1*Frame3(Phase Interaction)*Table1*Table1*Frame1*Frame2*Frame1*Frame3(Heat, Mass, Reactions)*Frame3(Reactions)*Frame1*Table3*Table2*Table3(Arrhenius Rate Parameters)*RealEntry5(Activation      Energy)" '( 91700))
(cx-gui-do cx-set-real-entry-list "Multiphase Model*Frame1*Frame3(Phase Interaction)*Table1*Table1*Frame1*Frame2*Frame1*Frame3(Heat, Mass, Reactions)*Frame3(Reactions)*Frame1*Table3*Table2*Table3(Arrhenius Rate Parameters)*RealEntry8(Kick-off Temperature)" '( 773))
(cx-gui-do cx-activate-item "Multiphase Model*PanelButtons*PushButton1(OK)")
(cx-gui-do cx-set-integer-entry "Multiphase Model*Frame1*Frame3(Phase Interaction)*Table1*Table1*Frame1*Frame2*Frame1*Frame3(Heat, Mass, Reactions)*Frame3(Reactions)*Frame1*Table3*Table1*IntegerEntry2(ID)" 2)
(cx-gui-do cx-activate-item "Multiphase Model*Frame1*Frame3(Phase Interaction)*Table1*Table1*Frame1*Frame2*Frame1*Frame3(Heat, Mass, Reactions)*Frame3(Reactions)*Frame1*Table3*Table1*IntegerEntry2(ID)")
(cx-gui-do cx-activate-item "Multiphase Model*PanelButtons*PushButton2(Cancel)")
(cx-gui-do cx-set-list-tree-selections "NavigationPane*Frame2*Table1*List_Tree2" (list "Setup|Boundary Conditions|Inlet|inlet (velocity-inlet, id=12)|gas"))
(cx-gui-do cx-set-list-tree-selections "NavigationPane*Frame2*Table1*List_Tree2" (list "Setup|Boundary Conditions|Inlet|inlet (velocity-inlet, id=12)|gas"))
(cx-gui-do cx-activate-item "NavigationPane*Frame2*Table1*List_Tree2")
(cx-gui-do cx-set-list-tree-selections "NavigationPane*Frame2*Table1*List_Tree2" (list "Setup|Boundary Conditions|Inlet|inlet (velocity-inlet, id=12)|gas"))
(cx-gui-do cx-activate-tab-index "Velocity Inlet*Frame2*Frame2" 0)
(cx-gui-do cx-activate-tab-index "Velocity Inlet*Frame2*Frame2" 1)
(cx-gui-do cx-activate-tab-index "Velocity Inlet*Frame2*Frame2" 0)
(cx-gui-do cx-activate-tab-index "Velocity Inlet*Frame2*Frame2" 2)
(cx-gui-do cx-activate-tab-index "Velocity Inlet*Frame2*Frame2" 0)
(cx-gui-do cx-activate-tab-index "Velocity Inlet*Frame2*Frame2" 3)
(cx-gui-do cx-activate-tab-index "Velocity Inlet*Frame2*Frame2" 0)
(cx-gui-do cx-activate-tab-index "Velocity Inlet*Frame2*Frame2" 4)
(cx-gui-do cx-activate-tab-index "Velocity Inlet*Frame2*Frame2" 0)
(cx-gui-do cx-activate-tab-index "Velocity Inlet*Frame2*Frame2" 5)
(cx-gui-do cx-activate-tab-index "Velocity Inlet*Frame2*Frame2" 0)
(cx-gui-do cx-activate-tab-index "Velocity Inlet*Frame2*Frame2" 6)
(cx-gui-do cx-activate-tab-index "Velocity Inlet*Frame2*Frame2" 0)
(cx-gui-do cx-activate-tab-index "Velocity Inlet*Frame2*Frame2" 7)
(cx-gui-do cx-activate-tab-index "Velocity Inlet*Frame2*Frame2" 0)
(cx-gui-do cx-activate-tab-index "Velocity Inlet*Frame2*Frame2" 8)
(cx-gui-do cx-activate-tab-index "Velocity Inlet*Frame2*Frame2" 0)
(cx-gui-do cx-set-expression-entry "Velocity Inlet*Frame2*Frame2*Frame1(Momentum)*Table1*Table8*ExpressionEntry1(Velocity Magnitude)" '("0" . 0))
(cx-gui-do cx-enable-apply-button "Velocity Inlet")
(cx-gui-do cx-set-expression-entry "Velocity Inlet*Frame2*Frame2*Frame1(Momentum)*Table1*Table8*ExpressionEntry1(Velocity Magnitude)" '("0.15972" . 0))
(cx-gui-do cx-activate-tab-index "Velocity Inlet*Frame2*Frame2" 1)
(cx-gui-do cx-set-expression-entry "Velocity Inlet*Frame2*Frame2*Frame2(Thermal)*Table1*Table1*ExpressionEntry1(Temperature)" '("1223.15" . 0))
(cx-gui-do cx-activate-tab-index "Velocity Inlet*Frame2*Frame2" 3)
(cx-gui-do cx-set-expression-entry "Velocity Inlet*Frame2*Frame2*Frame4(Species)*Table1*Table2(Species Mass Fractions)*Table3*ExpressionEntry1(h2)" '("0" . 0))
(cx-gui-do cx-set-toggle-button2 "Velocity Inlet*Frame2*Frame2*Frame4(Species)*Table1*CheckButton1(Specify Species in Mole Fractions)" #t)
(cx-gui-do cx-activate-item "Velocity Inlet*Frame2*Frame2*Frame4(Species)*Table1*CheckButton1(Specify Species in Mole Fractions)")
(cx-gui-do cx-set-expression-entry "Velocity Inlet*Frame2*Frame2*Frame4(Species)*Table1*Table2(Species Mass Fractions)*Table3*ExpressionEntry1(h2)" '("0.1" . 0))
(cx-gui-do cx-activate-item "Velocity Inlet*PanelButtons*PushButton1(OK)")
(cx-gui-do cx-activate-item "Velocity Inlet*PanelButtons*PushButton2(Cancel)")
(cx-gui-do cx-set-list-tree-selections "NavigationPane*Frame2*Table1*List_Tree2" (list "Setup|Boundary Conditions|Wall|wall (wall, id=14)"))
(cx-gui-do cx-set-list-tree-selections "NavigationPane*Frame2*Table1*List_Tree2" (list "Setup|Boundary Conditions|Wall|wall (wall, id=14)"))
(cx-gui-do cx-activate-item "NavigationPane*Frame2*Table1*List_Tree2")
(cx-gui-do cx-set-list-tree-selections "NavigationPane*Frame2*Table1*List_Tree2" (list "Setup|Boundary Conditions|Wall|wall (wall, id=14)"))
(cx-gui-do cx-activate-tab-index "Wall*Frame4" 0)
(cx-gui-do cx-activate-tab-index "Wall*Frame4" 1)
(cx-gui-do cx-activate-tab-index "Wall*Frame4" 0)
(cx-gui-do cx-activate-tab-index "Wall*Frame4" 2)
(cx-gui-do cx-activate-tab-index "Wall*Frame4" 0)
(cx-gui-do cx-activate-tab-index "Wall*Frame4" 3)
(cx-gui-do cx-activate-tab-index "Wall*Frame4" 0)
(cx-gui-do cx-activate-tab-index "Wall*Frame4" 4)
(cx-gui-do cx-activate-tab-index "Wall*Frame4" 0)
(cx-gui-do cx-activate-tab-index "Wall*Frame4" 5)
(cx-gui-do cx-activate-tab-index "Wall*Frame4" 0)
(cx-gui-do cx-activate-tab-index "Wall*Frame4" 6)
(cx-gui-do cx-activate-tab-index "Wall*Frame4" 0)
(cx-gui-do cx-activate-tab-index "Wall*Frame4" 7)
(cx-gui-do cx-activate-tab-index "Wall*Frame4" 0)
(cx-gui-do cx-activate-tab-index "Wall*Frame4" 8)
(cx-gui-do cx-activate-tab-index "Wall*Frame4" 0)
(cx-gui-do cx-activate-tab-index "Wall*Frame4" 9)
(cx-gui-do cx-activate-tab-index "Wall*Frame4" 0)
(cx-gui-do cx-activate-tab-index "Wall*Frame4" 10)
(cx-gui-do cx-activate-tab-index "Wall*Frame4" 0)
(cx-gui-do cx-activate-tab-index "Wall*Frame4*Frame8(Wall Film)*Frame1*Frame2" 0)
(cx-gui-do cx-activate-tab-index "Wall*Frame4*Frame8(Wall Film)*Frame1*Frame2" 1)
(cx-gui-do cx-activate-tab-index "Wall*Frame4*Frame8(Wall Film)*Frame1*Frame2" 0)
(cx-gui-do cx-activate-tab-index "Wall*Frame4*Frame8(Wall Film)*Frame1*Frame2" 2)
(cx-gui-do cx-activate-tab-index "Wall*Frame4*Frame8(Wall Film)*Frame1*Frame2" 0)
(cx-gui-do cx-activate-tab-index "Wall*Frame4*Frame8(Wall Film)*Frame1*Frame2" 3)
(cx-gui-do cx-activate-tab-index "Wall*Frame4*Frame8(Wall Film)*Frame1*Frame2" 0)
(cx-gui-do cx-activate-tab-index "Wall*Frame4*Frame8(Wall Film)*Frame1*Frame2" 4)
(cx-gui-do cx-activate-tab-index "Wall*Frame4*Frame8(Wall Film)*Frame1*Frame2" 0)
(cx-gui-do cx-activate-tab-index "Wall*Frame4*Frame8(Wall Film)*Frame1*Frame2" 5)
(cx-gui-do cx-activate-tab-index "Wall*Frame4*Frame8(Wall Film)*Frame1*Frame2" 0)
(cx-gui-do cx-activate-tab-index "Wall*Frame4" 1)
(cx-gui-do cx-enable-apply-button "Wall")
(cx-gui-do cx-set-toggle-button2 "Wall*Frame4*Frame2(Thermal)*Frame1*Frame1(Thermal Conditions)*ToggleBox1*Temperature" #t)
(cx-gui-do cx-activate-item "Wall*Frame4*Frame2(Thermal)*Frame1*Frame1(Thermal Conditions)*ToggleBox1*Temperature")
(cx-gui-do cx-set-expression-entry "Wall*Frame4*Frame2(Thermal)*Frame1*Frame1(Thermal Conditions)*Table3*Table1*Table1*ExpressionEntry1(Temperature)" '("1223.15" . 0))
(cx-gui-do cx-activate-item "Wall*PanelButtons*PushButton1(OK)")
(cx-gui-do cx-activate-item "Wall*PanelButtons*PushButton2(Cancel)")
(cx-gui-do cx-set-list-tree-selections "NavigationPane*Frame2*Table1*List_Tree2" (list "Solution|Methods"))
(cx-gui-do cx-set-list-tree-selections "NavigationPane*Frame2*Table1*List_Tree2" (list "Solution|Methods"))
(cx-gui-do cx-activate-item "NavigationPane*Frame2*Table1*List_Tree2")
(cx-gui-do cx-set-list-tree-selections "NavigationPane*Frame2*Table1*List_Tree2" (list "Solution|Methods"))
(cx-gui-do cx-set-list-tree-selections "NavigationPane*Frame2*Table1*List_Tree2" (list "Solution|Controls"))
(cx-gui-do cx-set-list-tree-selections "NavigationPane*Frame2*Table1*List_Tree2" (list "Solution|Controls"))
(cx-gui-do cx-set-list-tree-selections "NavigationPane*Frame2*Table1*List_Tree2" (list "Solution|Controls"))
(cx-gui-do cx-activate-item "NavigationPane*Frame2*Table1*List_Tree2")
(cx-gui-do cx-set-list-tree-selections "NavigationPane*Frame2*Table1*List_Tree2" (list "Solution|Controls"))
(cx-gui-do cx-set-toggle-button2 "Solution Controls*Table1*CheckButton3(Set All Species URFs Together)" #t)
(cx-gui-do cx-activate-item "Solution Controls*Table1*CheckButton3(Set All Species URFs Together)")
(cx-gui-do cx-set-real-entry-list "Solution Controls*Table1*Table1*Table5(Under-Relaxation Factors)*RealEntry11(gas n2)" '( 0.6))
(cx-gui-do cx-activate-item "Solution Controls*Table1*Table1*Table5(Under-Relaxation Factors)*RealEntry11(gas n2)")
(cx-gui-do cx-set-real-entry-list "Solution Controls*Table1*Table1*Table5(Under-Relaxation Factors)*RealEntry15(iron-ore feo)" '( 0.6))
(cx-gui-do cx-activate-item "Solution Controls*Table1*Table1*Table5(Under-Relaxation Factors)*RealEntry15(iron-ore feo)")
(cx-gui-do cx-set-real-entry-list "Solution Controls*Table1*Table1*Table5(Under-Relaxation Factors)*RealEntry18(quartz Species)" '( 0.6))
(cx-gui-do cx-activate-item "Solution Controls*Table1*Table1*Table5(Under-Relaxation Factors)*RealEntry18(quartz Species)")

(cx-gui-do cx-set-list-tree-selections "NavigationPane*Frame2*Table1*List_Tree2" (list "Solution|Initialization"))
(cx-gui-do cx-set-list-tree-selections "NavigationPane*Frame2*Table1*List_Tree2" (list "Solution|Initialization"))
(cx-gui-do cx-activate-item "NavigationPane*Frame2*Table1*List_Tree2")
(cx-gui-do cx-set-list-tree-selections "NavigationPane*Frame2*Table1*List_Tree2" (list "Solution|Initialization"))
(cx-gui-do cx-activate-item "Solution Initialization*Table1*Frame9*PushButton1(Initialize)")
(cx-gui-do cx-activate-item "Solution Initialization*Table1*Frame9*PushButton3(Patch)")
(cx-gui-do cx-set-list-selections "Patch*Frame1*Table2*DropDownList1(Phase)" '( 2))
(cx-gui-do cx-activate-item "Patch*Frame1*Table2*DropDownList1(Phase)")
(cx-gui-do cx-set-list-selections "Patch*Frame1*Table2*List2(Variable)" '( 7))
(cx-gui-do cx-activate-item "Patch*Frame1*Table2*List2(Variable)")
(cx-gui-do cx-set-list-selections "Patch*Frame3*List1(Zones to Patch)" '( 0))
(cx-gui-do cx-activate-item "Ribbon*Frame1*Frame2(Domain)*Table1*Table3(Adapt)*PushButton5(Manage)")
(cx-gui-do cx-activate-item "Manage Adaption Criteria*PanelButtons*PushButton3(New)")
(cx-gui-do cx-activate-item "Automatic Mesh Adaption*Table1*Table2*Table1*PushButton2(Cell Registers)")
(cx-gui-do cx-activate-item "MenuBar*NewSubMenu*Region...")
(cx-gui-do cx-set-real-entry-list "Region Register*Table3*Frame1(Input Coordinates)*RealEntry5(X Max)" '( 0.03))
(cx-gui-do cx-set-real-entry-list "Region Register*Table3*Frame1(Input Coordinates)*RealEntry6(Y Max)" '( 0.03))
(cx-gui-do cx-set-real-entry-list "Region Register*Table3*Frame1(Input Coordinates)*RealEntry5(X Max)" '( 0.032))
(cx-gui-do cx-activate-item "Region Register*PanelButtons*PushButton7(Save/Display)")
(cx-gui-do cx-activate-item "Region Register*PanelButtons*PushButton6(Save)")
(cx-gui-do cx-activate-item "Region Register*PanelButtons*PushButton2(Cancel)")
(cx-gui-do cx-activate-item "Automatic Mesh Adaption*PanelButtons*PushButton2(Cancel)")
(cx-gui-do cx-activate-item "Manage Adaption Criteria*PanelButtons*PushButton1(Close)")
(cx-gui-do cx-set-list-tree-selections "NavigationPane*Frame2*Table1*List_Tree2" (list "Solution|Initialization"))
(cx-gui-do cx-set-list-tree-selections "NavigationPane*Frame2*Table1*List_Tree2" (list "Solution|Initialization"))
(cx-gui-do cx-activate-item "NavigationPane*Frame2*Table1*List_Tree2")
(cx-gui-do cx-set-list-tree-selections "NavigationPane*Frame2*Table1*List_Tree2" (list "Solution|Initialization"))
(cx-gui-do cx-activate-item "Solution Initialization*Table1*Frame9*PushButton1(Initialize)")
(cx-gui-do cx-activate-item "Question*OK")
(cx-gui-do cx-activate-item "Solution Initialization*Table1*Frame9*PushButton3(Patch)")
(cx-gui-do cx-set-list-selections "Patch*Frame1*Table2*DropDownList1(Phase)" '( 2))
(cx-gui-do cx-activate-item "Patch*Frame1*Table2*DropDownList1(Phase)")
(cx-gui-do cx-set-list-selections "Patch*Frame1*Table2*List2(Variable)" '( 7))
(cx-gui-do cx-activate-item "Patch*Frame1*Table2*List2(Variable)")
(cx-gui-do cx-set-expression-entry "Patch*Frame2*ExpressionEntry1(Value)" '("2.98186785e-4" . 0))
(cx-gui-do cx-set-list-selections "Patch*Frame3*List1(Zones to Patch)" '())
(cx-gui-do cx-activate-item "Patch*Frame3*List1(Zones to Patch)")
(cx-gui-do cx-set-list-selections "Patch*Frame3*List2(Registers to Patch)" '( 0))
(cx-gui-do cx-activate-item "Patch*Frame3*List2(Registers to Patch)")
(cx-gui-do cx-activate-item "Patch*PanelButtons*PushButton3(Patch)")
(cx-gui-do cx-set-list-selections "Patch*Frame1*Table2*DropDownList1(Phase)" '( 3))
(cx-gui-do cx-activate-item "Patch*Frame1*Table2*DropDownList1(Phase)")
(cx-gui-do cx-set-expression-entry "Patch*Frame2*ExpressionEntry1(Value)" '("0.014204534" . 0))
(cx-gui-do cx-activate-item "Patch*PanelButtons*PushButton3(Patch)")
(cx-gui-do cx-activate-item "Patch*PanelButtons*PushButton1(Close)")

(cx-gui-do cx-set-list-tree-selections "NavigationPane*Frame2*Table1*List_Tree2" (list "Solution|Monitors|Report Plots"))
(cx-gui-do cx-set-list-tree-selections "NavigationPane*Frame2*Table1*List_Tree2" (list "Solution|Monitors|Report Plots"))
(cx-gui-do cx-activate-item "NavigationPane*Frame2*Table1*List_Tree2")
(cx-gui-do cx-set-list-tree-selections "NavigationPane*Frame2*Table1*List_Tree2" (list "Solution|Monitors|Report Plots"))
(cx-gui-do cx-activate-item "Report Plot Definitions*Table1*ButtonBox3*PushButton1(New)")
(cx-gui-do cx-activate-item "New Report Plot*Table1*Table6*PushButton1(New)")
(cx-gui-do cx-activate-item "MenuBar*Volume ReportSubMenu*Mass...")
(cx-gui-do cx-set-list-selections "Volume Report Definition*Table1*Table2*List6(Cell Zones)" '( 0))
(cx-gui-do cx-activate-item "Volume Report Definition*Table1*Table2*List6(Cell Zones)")
(cx-gui-do cx-set-list-selections "Volume Report Definition*Table1*Table2*DropDownList4(Phase)" '( 2))
(cx-gui-do cx-activate-item "Volume Report Definition*Table1*Table2*DropDownList4(Phase)")
(cx-gui-do cx-set-text-entry "Volume Report Definition*Table1*Table1*TextEntry1(Name)" "io-mass")
(cx-gui-do cx-activate-item "Volume Report Definition*Table1*Table1*TextEntry1(Name)")
(cx-gui-do cx-activate-item "Volume Report Definition*PanelButtons*PushButton1(OK)")
(cx-gui-do cx-activate-item "New Report Plot*Table1*Table6*PushButton1(New)")
(cx-gui-do cx-activate-item "MenuBar*Volume ReportSubMenu*Volume Integral...")
(cx-gui-do cx-set-list-selections "Volume Report Definition*Table1*Table2*DropDownList4(Phase)" '( 2))
(cx-gui-do cx-activate-item "Volume Report Definition*Table1*Table2*DropDownList4(Phase)")
(cx-gui-do cx-set-list-selections "Volume Report Definition*Table1*Table2*DropDownList2(Field Variable)" '( 14))
(cx-gui-do cx-activate-item "Volume Report Definition*Table1*Table2*DropDownList2(Field Variable)")
(cx-gui-do cx-activate-item "Volume Report Definition*PanelButtons*PushButton2(Cancel)")
(cx-gui-do cx-activate-item "New Report Plot*PanelButtons*PushButton2(Cancel)")
(cx-gui-do cx-activate-item "Report Plot Definitions*PanelButtons*PushButton1(Close)")

(cx-gui-do cx-set-list-tree-selections "NavigationPane*Frame2*Table1*List_Tree2" (list "Solution|Monitors|Report Plots"))
(cx-gui-do cx-set-list-tree-selections "NavigationPane*Frame2*Table1*List_Tree2" (list "Solution|Monitors|Report Plots"))
(cx-gui-do cx-activate-item "NavigationPane*Frame2*Table1*List_Tree2")
(cx-gui-do cx-set-list-tree-selections "NavigationPane*Frame2*Table1*List_Tree2" (list "Solution|Monitors|Report Plots"))
(cx-gui-do cx-activate-item "Report Plot Definitions*Table1*ButtonBox3*PushButton1(New)")
(cx-gui-do cx-activate-item "New Report Plot*Table1*Table6*PushButton1(New)")
(cx-gui-do cx-activate-item "MenuBar*Volume ReportSubMenu*Volume Integral...")
(cx-gui-do cx-set-list-selections "Volume Report Definition*Table1*Table2*DropDownList2(Field Variable)" '( 13))
(cx-gui-do cx-activate-item "Volume Report Definition*Table1*Table2*DropDownList2(Field Variable)")
(cx-gui-do cx-set-list-selections "Volume Report Definition*Table1*Table2*DropDownList4(Phase)" '( 1))
(cx-gui-do cx-activate-item "Volume Report Definition*Table1*Table2*DropDownList4(Phase)")
(cx-gui-do cx-set-list-selections "Volume Report Definition*Table1*Table2*DropDownList3" '( 3))
(cx-gui-do cx-activate-item "Volume Report Definition*Table1*Table2*DropDownList3")
(cx-gui-do cx-set-list-selections "Volume Report Definition*Table1*Table2*List6(Cell Zones)" '( 0))
(cx-gui-do cx-activate-item "Volume Report Definition*Table1*Table2*List6(Cell Zones)")
(cx-gui-do cx-set-text-entry "Volume Report Definition*Table1*Table1*TextEntry1(Name)" "fe2o3-mass")
(cx-gui-do cx-activate-item "Volume Report Definition*Table1*Table1*TextEntry1(Name)")
(cx-gui-do cx-activate-item "Volume Report Definition*PanelButtons*PushButton4(Compute)")
(cx-gui-do cx-activate-item "Volume Report Definition*PanelButtons*PushButton1(OK)")
(cx-gui-do cx-set-list-tree-selections "NavigationPane*Frame2*Table1*List_Tree2" (list "Solution|Monitors|Report Plots|io-mass-rplot"))
(cx-gui-do cx-set-list-tree-selections "NavigationPane*Frame2*Table1*List_Tree2" (list "Solution|Monitors|Report Plots|fe2o3-mass-rplot"))
(cx-gui-do cx-set-list-tree-selections "NavigationPane*Frame2*Table1*List_Tree2" (list "Solution|Monitors|Report Plots|fe2o3-mass-rplot"))
(cx-gui-do cx-activate-item "NavigationPane*Frame2*Table1*List_Tree2")
(cx-gui-do cx-set-list-tree-selections "NavigationPane*Frame2*Table1*List_Tree2" (list "Solution|Monitors|Report Plots|fe2o3-mass-rplot"))
(cx-gui-do cx-set-list-selections "Edit Report Plot*Table1*List2(Selected Report Definitions)" '( 0))
(cx-gui-do cx-activate-item "Edit Report Plot*Table1*List2(Selected Report Definitions)")
(cx-gui-do cx-activate-item "Edit Report Plot*Table1*Table6*PushButton2(Edit)")
(cx-gui-do cx-set-list-selections "Volume Report Definition*Table1*Table2*DropDownList3" '( 15))
(cx-gui-do cx-activate-item "Volume Report Definition*Table1*Table2*DropDownList3")
(cx-gui-do cx-activate-item "Volume Report Definition*PanelButtons*PushButton4(Compute)")
(cx-gui-do cx-activate-item "Volume Report Definition*PanelButtons*PushButton1(OK)")
(cx-gui-do cx-activate-item "Warning*OK")
(cx-gui-do cx-set-list-selections "Edit Report Plot*Table1*List2(Selected Report Definitions)" '( 0))
(cx-gui-do cx-activate-item "Edit Report Plot*Table1*List2(Selected Report Definitions)")
(cx-gui-do cx-activate-item "Edit Report Plot*Table1*Table6*PushButton2(Edit)")
(cx-gui-do cx-activate-item "Volume Report Definition*PanelButtons*PushButton2(Cancel)")
(cx-gui-do cx-activate-item "Edit Report Plot*PanelButtons*PushButton1(OK)")
(cx-gui-do cx-activate-item "Report Plot Definitions*Table1*ButtonBox3*PushButton1(New)")
(cx-gui-do cx-activate-item "New Report Plot*Table1*Table6*PushButton1(New)")
(cx-gui-do cx-activate-item "MenuBar*Volume ReportSubMenu*Volume Integral...")
(cx-gui-do cx-set-list-selections "Volume Report Definition*Table1*Table2*DropDownList2(Field Variable)" '( 13))
(cx-gui-do cx-activate-item "Volume Report Definition*Table1*Table2*DropDownList2(Field Variable)")
(cx-gui-do cx-set-list-selections "Volume Report Definition*Table1*Table2*DropDownList4(Phase)" '( 1))
(cx-gui-do cx-activate-item "Volume Report Definition*Table1*Table2*DropDownList4(Phase)")
(cx-gui-do cx-set-list-selections "Volume Report Definition*Table1*Table2*DropDownList3" '( 14))
(cx-gui-do cx-activate-item "Volume Report Definition*Table1*Table2*DropDownList3")
(cx-gui-do cx-set-text-entry "Volume Report Definition*Table1*Table1*TextEntry1(Name)" "fe3o4-mass")
(cx-gui-do cx-activate-item "Volume Report Definition*Table1*Table1*TextEntry1(Name)")
(cx-gui-do cx-set-list-selections "Volume Report Definition*Table1*Table2*List6(Cell Zones)" '( 0))
(cx-gui-do cx-activate-item "Volume Report Definition*Table1*Table2*List6(Cell Zones)")
(cx-gui-do cx-activate-item "Volume Report Definition*PanelButtons*PushButton4(Compute)")
(cx-gui-do cx-activate-item "Volume Report Definition*PanelButtons*PushButton1(OK)")
(cx-gui-do cx-activate-item "New Report Plot*Table1*Table6*PushButton1(New)")
(cx-gui-do cx-activate-item "MenuBar*Volume ReportSubMenu*Volume Integral...")
(cx-gui-do cx-set-list-selections "Volume Report Definition*Table1*Table2*DropDownList2(Field Variable)" '( 13))
(cx-gui-do cx-activate-item "Volume Report Definition*Table1*Table2*DropDownList2(Field Variable)")
(cx-gui-do cx-set-list-selections "Volume Report Definition*Table1*Table2*DropDownList4(Phase)" '( 1))
(cx-gui-do cx-activate-item "Volume Report Definition*Table1*Table2*DropDownList4(Phase)")
(cx-gui-do cx-set-list-selections "Volume Report Definition*Table1*Table2*DropDownList3" '( 12))
(cx-gui-do cx-activate-item "Volume Report Definition*Table1*Table2*DropDownList3")
(cx-gui-do cx-set-text-entry "Volume Report Definition*Table1*Table1*TextEntry1(Name)" "feo-mass")
(cx-gui-do cx-activate-item "Volume Report Definition*Table1*Table1*TextEntry1(Name)")
(cx-gui-do cx-set-list-selections "Volume Report Definition*Table1*Table2*List6(Cell Zones)" '( 0))
(cx-gui-do cx-activate-item "Volume Report Definition*Table1*Table2*List6(Cell Zones)")
(cx-gui-do cx-activate-item "Volume Report Definition*PanelButtons*PushButton4(Compute)")
(cx-gui-do cx-activate-item "Volume Report Definition*PanelButtons*PushButton1(OK)")
(cx-gui-do cx-activate-item "New Report Plot*Table1*Table6*PushButton1(New)")
(cx-gui-do cx-activate-item "MenuBar*Volume ReportSubMenu*Volume Integral...")
(cx-gui-do cx-set-list-selections "Volume Report Definition*Table1*Table2*DropDownList2(Field Variable)" '( 13))
(cx-gui-do cx-activate-item "Volume Report Definition*Table1*Table2*DropDownList2(Field Variable)")
(cx-gui-do cx-set-list-selections "Volume Report Definition*Table1*Table2*DropDownList4(Phase)" '( 0))
(cx-gui-do cx-activate-item "Volume Report Definition*Table1*Table2*DropDownList4(Phase)")
(cx-gui-do cx-set-list-selections "Volume Report Definition*Table1*Table2*DropDownList4(Phase)" '( 1))
(cx-gui-do cx-activate-item "Volume Report Definition*Table1*Table2*DropDownList4(Phase)")
(cx-gui-do cx-set-list-selections "Volume Report Definition*Table1*Table2*DropDownList3" '( 13))
(cx-gui-do cx-activate-item "Volume Report Definition*Table1*Table2*DropDownList3")
(cx-gui-do cx-set-list-selections "Volume Report Definition*Table1*Table2*List6(Cell Zones)" '( 0))
(cx-gui-do cx-activate-item "Volume Report Definition*Table1*Table2*List6(Cell Zones)")
(cx-gui-do cx-set-text-entry "Volume Report Definition*Table1*Table1*TextEntry1(Name)" "fe-mass")
(cx-gui-do cx-activate-item "Volume Report Definition*Table1*Table1*TextEntry1(Name)")
(cx-gui-do cx-activate-item "Volume Report Definition*PanelButtons*PushButton4(Compute)")
(cx-gui-do cx-activate-item "Volume Report Definition*PanelButtons*PushButton1(OK)")
(cx-gui-do cx-activate-item "New Report Plot*PanelButtons*PushButton1(OK)")
(cx-gui-do cx-activate-item "Report Plot Definitions*PanelButtons*PushButton1(Close)")

(cx-gui-do cx-set-list-tree-selections "NavigationPane*Frame2*Table1*List_Tree2" (list "Solution|Calculation Activities|Autosave (Every Time Steps)"))
(cx-gui-do cx-set-list-tree-selections "NavigationPane*Frame2*Table1*List_Tree2" (list "Solution|Calculation Activities|Autosave (Every Time Steps)"))
(cx-gui-do cx-activate-item "NavigationPane*Frame2*Table1*List_Tree2")
(cx-gui-do cx-set-list-tree-selections "NavigationPane*Frame2*Table1*List_Tree2" (list "Solution|Calculation Activities|Autosave (Every Time Steps)"))
(cx-gui-do cx-set-list-selections "Autosave*Frame1*DropDownList3" '( 1))
(cx-gui-do cx-activate-item "Autosave*Frame1*DropDownList3")
(cx-gui-do cx-set-real-entry-list "Autosave*Frame1*RealEntry2(Save Data File Every)" '( 1))
(cx-gui-do cx-set-list-selections "Autosave*Table6*DropDownList3(Append File Name with)" '( 1))
(cx-gui-do cx-activate-item "Autosave*Table6*DropDownList3(Append File Name with)")
(cx-gui-do cx-set-integer-entry "Autosave*Table6*IntegerEntry4(Decimal Places in File Name)" 2)
(cx-gui-do cx-activate-item "Autosave*Table6*IntegerEntry4(Decimal Places in File Name)")
(cx-gui-do cx-activate-item "Autosave*PanelButtons*PushButton1(OK)")

(cx-gui-do cx-activate-item "Autosave*Table6*PushButton2(Browse)")
(cx-gui-do cx-activate-item "Autosave*Table6*PushButton2(Browse)")
(cx-gui-do cx-activate-item "Autosave*PanelButtons*PushButton1(OK)")
(cx-gui-do cx-set-list-tree-selections "NavigationPane*Frame2*Table1*List_Tree2" (list "Solution|Run Calculation"))
(cx-gui-do cx-set-list-tree-selections "NavigationPane*Frame2*Table1*List_Tree2" (list "Solution|Run Calculation"))
(cx-gui-do cx-activate-item "NavigationPane*Frame2*Table1*List_Tree2")
(cx-gui-do cx-set-list-tree-selections "NavigationPane*Frame2*Table1*List_Tree2" (list "Solution|Run Calculation"))
(cx-gui-do cx-set-integer-entry "Run Calculation*Table1*Table7(Time Advancement)*Table3(Parameters)*Table1*Table1*IntegerEntry1(Number of Time Steps)" 180000)
(cx-gui-do cx-activate-item "Run Calculation*Table1*Table7(Time Advancement)*Table3(Parameters)*Table1*Table1*IntegerEntry1(Number of Time Steps)")
(cx-gui-do cx-set-expression-entry "Run Calculation*Table1*Table7(Time Advancement)*Table3(Parameters)*Table1*Table3*ExpressionEntry1(Time Step Size)" '("0.001" . 0))
(cx-gui-do cx-activate-item "Run Calculation*Table1*Table7(Time Advancement)*Table3(Parameters)*Table1*Table3*ExpressionEntry1(Time Step Size)")

(cx-gui-do cx-activate-item "MenuBar*WriteSubMenu*Stop Journal")
(cx-gui-do cx-activate-item "Run Calculation*Table1*Table9(Solution Advancement)*Table1*PushButton1(Calculate)")
(cx-gui-do cx-activate-item "MenuBar*WriteSubMenu*Stop Journal")
